============================= test session starts ==============================
platform darwin -- Python 3.14.7, pytest-9.1.1, pluggy-1.6.0 -- /nix/store/7xgkr19ify5wzfj8mafjqhywzvsmgqaq-python3-3.14.7-env/bin/python3
cachedir: .pytest_cache
hypothesis profile 'default'
rootdir: /Users/tzankomatev/work/sqlite-verifier-adr5
configfile: pytest.ini
plugins: hypothesis-6.156.1
collecting ... collected 817 items / 749 deselected / 68 selected

tests/environment_snapshot_test.py::test_environment_snapshot[non_git] PASSED [  1%]
tests/environment_snapshot_test.py::test_environment_snapshot[git_parent] PASSED [  2%]
tests/test_nix_test_targets.py::test_dependency_invalidation[tests/kernel_gate_test.py-affected0] PASSED [  4%]
tests/test_nix_test_targets.py::test_dependency_invalidation[tests/kernel_gate/Proofs.lean-affected1] PASSED [  5%]
tests/test_nix_test_targets.py::test_dependency_invalidation[conformance/model_cases.py-affected2] PASSED [  7%]
tests/test_nix_test_targets.py::test_dependency_invalidation[conformance/replay_tiers.py-affected3] PASSED [  8%]
tests/test_nix_test_targets.py::test_dependency_invalidation[conformance/corpus-v5/manifest.json-affected4] PASSED [ 10%]
tests/test_nix_test_targets.py::test_dependency_invalidation[conformance/corpus-v4/manifest.json-affected5] PASSED [ 11%]
tests/test_nix_test_targets.py::test_dependency_invalidation[conformance/corpus-v3/manifest.json-affected6] PASSED [ 13%]
tests/test_nix_test_targets.py::test_dependency_invalidation[conformance/synthetic-workload/workload.json-affected7] PASSED [ 14%]
tests/test_nix_test_targets.py::test_dependency_invalidation[conformance/progress.py-affected8] PASSED [ 16%]
tests/test_nix_test_targets.py::test_dependency_invalidation[tests/conformance_sample_test.py-affected9] PASSED [ 17%]
tests/test_nix_test_targets.py::test_dependency_invalidation[tests/conformance_tier_bindings_test.py-affected10] PASSED [ 19%]
tests/test_nix_test_targets.py::test_dependency_invalidation[conformance/cases/add_then_create.json-affected11] PASSED [ 20%]
tests/test_nix_test_targets.py::test_dependency_invalidation[conformance/native_trace.py-affected12] PASSED [ 22%]
tests/test_nix_test_targets.py::test_dependency_invalidation[conformance/native_acquisition.py-affected13] PASSED [ 23%]
tests/test_nix_test_targets.py::test_dependency_invalidation[conformance/case_format.py-affected14] PASSED [ 25%]
tests/test_nix_test_targets.py::test_dependency_invalidation[VerifierConformance/Trace.lean-affected15] PASSED [ 26%]
tests/test_nix_test_targets.py::test_dependency_invalidation[tests/conformance_pipeline_test.py-affected16] PASSED [ 27%]
tests/test_nix_test_targets.py::test_dependency_invalidation[migration_check/translate.py-affected17] PASSED [ 29%]
tests/test_nix_test_targets.py::test_dependency_invalidation[conftest.py-affected18] PASSED [ 30%]
tests/test_nix_test_targets.py::test_dependency_invalidation[tests/atuin_cli_test.py-affected19] PASSED [ 32%]
tests/test_nix_test_targets.py::test_dependency_invalidation[tests/cli_test.py-affected20] PASSED [ 33%]
tests/test_nix_test_targets.py::test_dependency_invalidation[tests/bundle_test.py-affected21] PASSED [ 35%]
tests/test_nix_test_targets.py::test_dependency_invalidation[tests/generated_inputs_test.py-affected22] PASSED [ 36%]
tests/test_nix_test_targets.py::test_dependency_invalidation[examples/atuin/Proofs.lean-affected23] PASSED [ 38%]
tests/test_nix_test_targets.py::test_dependency_invalidation[tests/test_translation.py-affected24] PASSED [ 39%]
tests/test_nix_test_targets.py::test_failed_pytest_target_has_no_output PASSED [ 41%]
tests/test_nix_test_targets.py::test_flake_checks_reuse_existing_targets[aarch64-darwin] PASSED [ 42%]
tests/test_nix_test_targets.py::test_flake_checks_reuse_existing_targets[x86_64-linux] PASSED [ 44%]
tests/test_runtime_package.py::test_installer_accepts_uri_special_bundle_path PASSED [ 45%]
tests/test_source_identity.py::test_selected_membership[parser/input.py] PASSED [ 47%]
tests/test_source_identity.py::test_selected_membership[parser/input.c] PASSED [ 48%]
tests/test_source_identity.py::test_selected_membership[parser/input.h] PASSED [ 50%]
tests/test_source_identity.py::test_selected_membership[parser/input.y] PASSED [ 51%]
tests/test_source_identity.py::test_selected_membership[parser/input.json] PASSED [ 52%]
tests/test_source_identity.py::test_selected_membership[SqliteVerifier/Model.lean] PASSED [ 54%]
tests/test_source_identity.py::test_selected_membership[Root.lean] PASSED [ 55%]
tests/test_source_identity.py::test_selected_membership[VerifierConformance/Trace.lean] PASSED [ 57%]
tests/test_source_identity.py::test_selected_membership[migration_check/runtime.py] PASSED [ 58%]
tests/test_source_identity.py::test_selected_membership[tests/test_input.py] PASSED [ 60%]
tests/test_source_identity.py::test_selected_membership[packaging/helper.py] PASSED [ 61%]
tests/test_source_identity.py::test_selected_membership[tools/helper.py] PASSED [ 63%]
tests/test_source_identity.py::test_selected_membership[conformance/check.py] PASSED [ 64%]
tests/test_source_identity.py::test_selected_membership[examples/example.sql] PASSED [ 66%]
tests/test_source_identity.py::test_required_input[ConformanceRunner.lean] PASSED [ 67%]
tests/test_source_identity.py::test_required_input[LICENSE] PASSED       [ 69%]
tests/test_source_identity.py::test_required_input[docs/install.md] PASSED [ 70%]
tests/test_source_identity.py::test_required_input[packaging/install.sh] PASSED [ 72%]
tests/test_source_identity.py::test_required_input[packaging/install.py] PASSED [ 73%]
tests/test_source_identity.py::test_required_input[lakefile.toml] PASSED [ 75%]
tests/test_source_identity.py::test_required_input[lake-manifest.json] PASSED [ 76%]
tests/test_source_identity.py::test_required_input[lean-toolchain] PASSED [ 77%]
tests/test_source_identity.py::test_generated_tree_invariance[.] PASSED  [ 79%]
tests/test_source_identity.py::test_generated_tree_invariance[parser] PASSED [ 80%]
tests/test_source_identity.py::test_generated_tree_invariance[SqliteVerifier] PASSED [ 82%]
tests/test_source_identity.py::test_generated_tree_invariance[VerifierConformance] PASSED [ 83%]
tests/test_source_identity.py::test_generated_tree_invariance[migration_check] PASSED [ 85%]
tests/test_source_identity.py::test_generated_tree_invariance[tests] PASSED [ 86%]
tests/test_source_identity.py::test_generated_tree_invariance[packaging] PASSED [ 88%]
tests/test_source_identity.py::test_generated_tree_invariance[tools] PASSED [ 89%]
tests/test_source_identity.py::test_generated_tree_invariance[conformance] PASSED [ 91%]
tests/test_source_identity.py::test_generated_tree_invariance[examples] PASSED [ 92%]
tests/test_source_identity.py::test_unselected_file_invariance[README.md] PASSED [ 94%]
tests/test_source_identity.py::test_unselected_file_invariance[docs/notes.md] PASSED [ 95%]
tests/test_source_identity.py::test_unselected_file_invariance[build-support/notes.md] PASSED [ 97%]
tests/test_source_identity.py::test_unselected_file_invariance[examples/.DS_Store] PASSED [ 98%]
tests/test_source_identity.py::test_unselected_file_invariance[examples/generated.pyc] PASSED [100%]

- generated xml file: /Users/tzankomatev/work/sqlite-verifier-adr5/build/test-results/nix-final-v5.xml -
================ 68 passed, 749 deselected in 95.27s (0:01:35) =================
