this derivation will be built:
  /nix/store/h8miyn4npz2fjghyxr0lja8bmshnyqsw-sqlite-verifier-test-model-1.drv
building '/nix/store/h8miyn4npz2fjghyxr0lja8bmshnyqsw-sqlite-verifier-test-model-1.drv'...
Running phase: unpackPhase
unpacking source archive /nix/store/shsvinl6x872kvsvmd4ph8p5xpxy9zkz-source
source root is source
Running phase: patchPhase
Running phase: updateAutotoolsGnuConfigScriptsPhase
Running phase: installPhase
============================= test session starts ==============================
platform darwin -- Python 3.14.7, pytest-9.1.1, pluggy-1.6.0 -- /nix/store/7xgkr19ify5wzfj8mafjqhywzvsmgqaq-python3-3.14.7-env/bin/python3
rootdir: /private/tmp/nix-build-sqlite-verifier-test-model-1.drv-0/source
configfile: pytest.ini
collected 323 items                                                            

tests/conformance_model_test.py::test_native_model[add_then_create] PASSED [  0%]
tests/conformance_model_test.py::test_native_model[retained_add_prefix] PASSED [  0%]
tests/conformance_model_test.py::test_native_model[retained_create_prefix] PASSED [  0%]
tests/conformance_model_test.py::test_native_model[missing_table_prefix] PASSED [  1%]
tests/conformance_model_test.py::test_native_model[limit_before_duplicate] PASSED [  1%]
tests/conformance_model_test.py::test_lost_rows_rejected PASSED          [  1%]
tests/conformance_model_test.py::test_version_two_outputs PASSED         [  2%]
tests/conformance_authored_test.py::test_catalog_keeps_legacy_sql_and_complete_outputs PASSED [  2%]
tests/conformance_authored_test.py::test_retained_authored_evidence_and_coverage PASSED [  2%]
tests/conformance_authored_test.py::test_bound_storage_classes_and_integer_edges PASSED [  3%]
tests/conformance_authored_test.py::test_defaults_and_added_column PASSED [  3%]
tests/conformance_authored_test.py::test_transaction_trigger_cascade_and_direct_counts PASSED [  3%]
tests/conformance_authored_test.py::test_upsert_all_returning_branches PASSED [  4%]
tests/conformance_authored_test.py::test_constraint_failures_and_statement_rollback PASSED [  4%]
tests/conformance_authored_queries_test.py::test_aggregates_empty_single_and_null_groups PASSED [  4%]
tests/conformance_authored_queries_test.py::test_join_coalesce_cast_and_real_arithmetic PASSED [  4%]
tests/conformance_authored_queries_test.py::test_numeric_and_nocase_boundary_groups PASSED [  5%]
tests/conformance_authored_queries_test.py::test_clock_defaults_triggers_and_same_statement_now PASSED [  5%]
tests/conformance_authored_queries_test.py::test_json_types_missing_paths_and_empty_shape PASSED [  5%]
tests/conformance_authored_boundaries_test.py::test_explicit_catalog_native_replay_and_classification PASSED [  6%]
tests/conformance_authored_boundaries_test.py::test_added_default_values_and_affinity PASSED [  6%]
tests/conformance_authored_boundaries_test.py::test_not_null_add_depends_on_existing_rows PASSED [  6%]
tests/conformance_authored_boundaries_test.py::test_rejected_add_forms_leave_schema_and_rows_unchanged PASSED [  7%]
tests/conformance_authored_boundaries_test.py::test_native_valid_definitions_have_concrete_rows PASSED [  7%]
tests/conformance_authored_boundaries_test.py::test_native_invalid_definitions_are_real_errors PASSED [  7%]
tests/conformance_authored_boundaries_test.py::test_validity_boundaries_are_unsupported_without_profile_gate PASSED [  8%]
tests/conformance_authored_review_test.py::test_deferred_foreign_key_commit_boundaries PASSED [  8%]
tests/conformance_authored_review_test.py::test_cast_outputs_preserve_exact_real_bits PASSED [  8%]
tests/conformance_authored_review_test.py::test_review_shard_load_and_fresh_replay PASSED [  8%]
tests/conformance_shards_test.py::test_round_trip_order_profiles_and_legacy PASSED [  9%]
tests/conformance_shards_test.py::test_unknown_or_boolean_root_versions[True-shardStorageVersion] PASSED [  9%]
tests/conformance_shards_test.py::test_unknown_or_boolean_root_versions[True-caseFormatVersion] PASSED [  9%]
tests/conformance_shards_test.py::test_unknown_or_boolean_root_versions[True-nativeVersion] PASSED [ 10%]
tests/conformance_shards_test.py::test_unknown_or_boolean_root_versions[True-snapshotStorageVersion] PASSED [ 10%]
tests/conformance_shards_test.py::test_unknown_or_boolean_root_versions[99-shardStorageVersion] PASSED [ 10%]
tests/conformance_shards_test.py::test_unknown_or_boolean_root_versions[99-caseFormatVersion] PASSED [ 11%]
tests/conformance_shards_test.py::test_unknown_or_boolean_root_versions[99-nativeVersion] PASSED [ 11%]
tests/conformance_shards_test.py::test_unknown_or_boolean_root_versions[99-snapshotStorageVersion] PASSED [ 11%]
tests/conformance_shards_test.py::test_manifest_mismatches[root-count] PASSED [ 12%]
tests/conformance_shards_test.py::test_manifest_mismatches[shard-count] PASSED [ 12%]
tests/conformance_shards_test.py::test_manifest_mismatches[root-digest] PASSED [ 12%]
tests/conformance_shards_test.py::test_manifest_mismatches[shard-digest] PASSED [ 13%]
tests/conformance_shards_test.py::test_manifest_mismatches[duplicate-path] PASSED [ 13%]
tests/conformance_shards_test.py::test_manifest_mismatches[duplicate-source] PASSED [ 13%]
tests/conformance_shards_test.py::test_manifest_mismatches[root-profile] PASSED [ 13%]
tests/conformance_shards_test.py::test_manifest_mismatches[shard-profile] PASSED [ 14%]
tests/conformance_shards_test.py::test_manifest_mismatches[extra-profile] PASSED [ 14%]
tests/conformance_shards_test.py::test_manifest_mismatches[duplicate-profile] PASSED [ 14%]
tests/conformance_shards_test.py::test_manifest_mismatches[shard-format] PASSED [ 15%]
tests/conformance_shards_test.py::test_manifest_mismatches[root-version] PASSED [ 15%]
tests/conformance_shards_test.py::test_manifest_mismatches[part-label] PASSED [ 15%]
tests/conformance_shards_test.py::test_manifest_mismatches[source-label] PASSED [ 16%]
tests/conformance_shards_test.py::test_noncanonical_paths_refused[/outside.json] PASSED [ 16%]
tests/conformance_shards_test.py::test_noncanonical_paths_refused[../outside.json] PASSED [ 16%]
tests/conformance_shards_test.py::test_noncanonical_paths_refused[shards/./0000.jsonl.gz] PASSED [ 17%]
tests/conformance_shards_test.py::test_noncanonical_paths_refused[shards//0000.jsonl.gz] PASSED [ 17%]
tests/conformance_shards_test.py::test_noncanonical_paths_refused[shards/0000.jsonl.gz/] PASSED [ 17%]
tests/conformance_shards_test.py::test_symlink_escape_and_duplicate_alias PASSED [ 17%]
tests/conformance_shards_test.py::test_corruption_after_rebinding[duplicate-name] PASSED [ 18%]
tests/conformance_shards_test.py::test_corruption_after_rebinding[native-version] PASSED [ 18%]
tests/conformance_shards_test.py::test_corruption_after_rebinding[storage-version] PASSED [ 18%]
tests/conformance_shards_test.py::test_corruption_after_rebinding[output] PASSED [ 19%]
tests/conformance_shards_test.py::test_corruption_after_rebinding[oversized] PASSED [ 19%]
tests/conformance_shards_test.py::test_writer_validates_every_case_before_creating_output PASSED [ 19%]
tests/conformance_freeze_test.py::test_complete_freeze_replays_and_binds_actual_artifacts PASSED [ 20%]
tests/conformance_freeze_test.py::test_refuses_incomplete_or_changed_acquisition[catalog] PASSED [ 20%]
tests/conformance_freeze_test.py::test_refuses_incomplete_or_changed_acquisition[limit] PASSED [ 20%]
tests/conformance_freeze_test.py::test_refuses_incomplete_or_changed_acquisition[timeout] PASSED [ 21%]
tests/conformance_freeze_test.py::test_refuses_incomplete_or_changed_acquisition[incomplete] PASSED [ 21%]
tests/conformance_freeze_test.py::test_refuses_incomplete_or_changed_acquisition[count] PASSED [ 21%]
tests/conformance_freeze_test.py::test_refuses_incomplete_or_changed_acquisition[sampling] PASSED [ 21%]
tests/conformance_freeze_test.py::test_refuses_incomplete_or_changed_acquisition[source] PASSED [ 22%]
tests/conformance_freeze_test.py::test_refuses_incomplete_or_changed_acquisition[version] PASSED [ 22%]
tests/conformance_freeze_test.py::test_refuses_incomplete_or_changed_acquisition[extractor] PASSED [ 22%]
tests/conformance_freeze_test.py::test_refuses_incomplete_or_changed_acquisition[missing-completion] PASSED [ 23%]
tests/conformance_freeze_test.py::test_refuses_incomplete_or_changed_acquisition[false-completion] PASSED [ 23%]
tests/conformance_freeze_test.py::test_refuses_incomplete_or_changed_acquisition[profile] PASSED [ 23%]
tests/conformance_freeze_test.py::test_refuses_incomplete_or_changed_acquisition[clock] PASSED [ 24%]
tests/conformance_freeze_test.py::test_refuses_incomplete_or_changed_acquisition[precision-policy] PASSED [ 24%]
tests/conformance_freeze_test.py::test_refuses_incomplete_or_changed_acquisition[precision-file] PASSED [ 24%]
tests/conformance_freeze_test.py::test_refuses_incomplete_or_changed_acquisition[precision-record] PASSED [ 25%]
tests/conformance_freeze_test.py::test_refuses_incomplete_or_changed_acquisition[families] PASSED [ 25%]
tests/conformance_freeze_test.py::test_all_retained_versions_are_required PASSED [ 25%]
tests/conformance_freeze_test.py::test_refuses_oversized_or_changed_native_evidence PASSED [ 26%]
tests/conformance_freeze_test.py::test_mismatches_need_complete_bound_evidence[none] PASSED [ 26%]
tests/conformance_freeze_test.py::test_mismatches_need_complete_bound_evidence[missing] PASSED [ 26%]
tests/conformance_freeze_test.py::test_mismatches_need_complete_bound_evidence[digest] PASSED [ 26%]
tests/conformance_freeze_test.py::test_mismatches_need_complete_bound_evidence[identity] PASSED [ 27%]
tests/conformance_freeze_test.py::test_mismatches_need_complete_bound_evidence[cause] PASSED [ 27%]
tests/conformance_freeze_test.py::test_mismatches_need_complete_bound_evidence[evidence] PASSED [ 27%]
tests/conformance_freeze_test.py::test_budget_refusal_preserves_destination[CURRENT_BYTE_LIMIT] PASSED [ 28%]
tests/conformance_freeze_test.py::test_budget_refusal_preserves_destination[RETAINED_BYTE_LIMIT] PASSED [ 28%]
tests/conformance_evidence_test.py::test_optional_evidence_survives_actual_load PASSED [ 28%]
tests/conformance_evidence_test.py::test_scoped_label_counts_bind_actual_records[None] PASSED [ 29%]
tests/conformance_evidence_test.py::test_scoped_label_counts_bind_actual_records[case-credit] PASSED [ 29%]
tests/conformance_evidence_test.py::test_scoped_label_counts_bind_actual_records[duplicate] PASSED [ 29%]
tests/conformance_evidence_test.py::test_scoped_label_counts_bind_actual_records[boolean] PASSED [ 30%]
tests/conformance_evidence_test.py::test_scoped_label_counts_bind_actual_records[partial] PASSED [ 30%]
tests/conformance_evidence_test.py::test_load_refuses_changed_retained_evidence[extraction-bytes] PASSED [ 30%]
tests/conformance_evidence_test.py::test_load_refuses_changed_retained_evidence[extraction-uncompressed] PASSED [ 30%]
tests/conformance_evidence_test.py::test_load_refuses_changed_retained_evidence[extraction-path] PASSED [ 31%]
tests/conformance_evidence_test.py::test_load_refuses_changed_retained_evidence[extraction-count] PASSED [ 31%]
tests/conformance_evidence_test.py::test_load_refuses_changed_retained_evidence[ledger-bytes] PASSED [ 31%]
tests/conformance_evidence_test.py::test_load_refuses_changed_retained_evidence[ledger-uncompressed] PASSED [ 32%]
tests/conformance_evidence_test.py::test_load_refuses_changed_retained_evidence[ledger-symlink] PASSED [ 32%]
tests/conformance_evidence_test.py::test_load_refuses_changed_retained_evidence[ledger-version] PASSED [ 32%]
tests/conformance_evidence_test.py::test_load_refuses_changed_retained_evidence[ledger-extraction] PASSED [ 33%]
tests/conformance_evidence_test.py::test_load_refuses_changed_retained_evidence[ledger-reference] PASSED [ 33%]
tests/conformance_evidence_test.py::test_load_refuses_changed_retained_evidence[ledger-duplicate] PASSED [ 33%]
tests/conformance_evidence_test.py::test_load_refuses_changed_retained_evidence[missing-ledger] PASSED [ 34%]
tests/conformance_evidence_test.py::test_load_refuses_changed_retained_evidence[missing-extraction] PASSED [ 34%]
tests/conformance_evidence_test.py::test_load_refuses_changed_retained_evidence[proof-bytes] PASSED [ 34%]
tests/conformance_evidence_test.py::test_load_refuses_changed_retained_evidence[proof-missing] PASSED [ 34%]
tests/conformance_evidence_test.py::test_load_refuses_changed_retained_evidence[extra-proof] PASSED [ 35%]
tests/conformance_evidence_test.py::test_load_refuses_changed_retained_evidence[count] PASSED [ 35%]
tests/conformance_evidence_test.py::test_load_refuses_changed_retained_evidence[policy] PASSED [ 35%]
tests/conformance_evidence_test.py::test_load_refuses_changed_retained_evidence[invalid-gzip] PASSED [ 36%]
tests/conformance_acquisition_test.py::test_retained_routes_survive_future_policy_changes PASSED [ 36%]
tests/conformance_acquisition_test.py::test_load_rejects_unbound_accepted_evidence[identity] PASSED [ 36%]
tests/conformance_acquisition_test.py::test_load_rejects_unbound_accepted_evidence[source] PASSED [ 37%]
tests/conformance_acquisition_test.py::test_load_rejects_unbound_accepted_evidence[labels] PASSED [ 37%]
tests/conformance_acquisition_test.py::test_load_rejects_unbound_accepted_evidence[scope] PASSED [ 37%]
tests/conformance_acquisition_test.py::test_load_rejects_unbound_accepted_evidence[profile] PASSED [ 38%]
tests/conformance_acquisition_test.py::test_load_rejects_unbound_accepted_evidence[setup-clock] PASSED [ 38%]
tests/conformance_acquisition_test.py::test_load_rejects_unbound_accepted_evidence[event-clock] PASSED [ 38%]
tests/conformance_acquisition_test.py::test_load_rejects_unbound_accepted_evidence[file-clock] PASSED [ 39%]
tests/conformance_acquisition_test.py::test_load_rejects_unbound_accepted_evidence[precision] PASSED [ 39%]
tests/conformance_acquisition_test.py::test_load_rejects_unbound_accepted_evidence[precision-count] PASSED [ 39%]
tests/conformance_acquisition_test.py::test_load_rejects_unbound_accepted_evidence[record-precision] PASSED [ 39%]
tests/conformance_acquisition_test.py::test_load_rejects_unbound_accepted_evidence[file-precision] PASSED [ 40%]
tests/conformance_acquisition_test.py::test_load_rejects_unbound_accepted_evidence[completion] PASSED [ 40%]
tests/conformance_acquisition_test.py::test_load_rejects_unbound_accepted_evidence[occurrence] PASSED [ 40%]
tests/conformance_acquisition_test.py::test_load_rejects_unbound_accepted_evidence[accepted-instance] PASSED [ 41%]
tests/conformance_acquisition_test.py::test_load_rejects_unbound_accepted_evidence[duplicate-instance] PASSED [ 41%]
tests/conformance_acquisition_test.py::test_load_rejects_unbound_accepted_evidence[excluded-instance] PASSED [ 41%]
tests/conformance_acquisition_test.py::test_load_rejects_unbound_accepted_evidence[route] PASSED [ 42%]
tests/conformance_acquisition_test.py::test_load_rejects_unbound_accepted_evidence[route-version] PASSED [ 42%]
tests/conformance_acquisition_test.py::test_load_rejects_unbound_accepted_evidence[policy-version] PASSED [ 42%]
tests/conformance_acquisition_test.py::test_load_rejects_unbound_accepted_evidence[precision-version] PASSED [ 43%]
tests/conformance_acquisition_test.py::test_load_rejects_unbound_accepted_evidence[engine] PASSED [ 43%]
tests/conformance_acquisition_test.py::test_load_rejects_unbound_accepted_evidence[catalog] PASSED [ 43%]
tests/conformance_acquisition_test.py::test_load_rejects_unbound_accepted_evidence[count] PASSED [ 43%]
tests/conformance_acquisition_test.py::test_load_rejects_unbound_accepted_evidence[precision-link] PASSED [ 44%]
tests/conformance_acquisition_test.py::test_load_rejects_unbound_accepted_evidence[accepted-refusal] PASSED [ 44%]
tests/conformance_acquisition_test.py::test_load_rejects_unbound_accepted_evidence[missing-record] PASSED [ 44%]
tests/conformance_acquisition_test.py::test_load_rejects_unbound_accepted_evidence[acquisition-version] PASSED [ 45%]
tests/conformance_acquisition_test.py::test_load_rejects_unbound_accepted_evidence[reason-count] PASSED [ 45%]
tests/conformance_acquisition_test.py::test_load_rejects_unbound_accepted_evidence[nullvalue-missing] PASSED [ 45%]
tests/conformance_acquisition_test.py::test_load_rejects_unbound_accepted_evidence[nullvalue-unobserved] PASSED [ 46%]
tests/conformance_acquisition_test.py::test_load_rejects_unbound_accepted_evidence[nullvalue-count] PASSED [ 46%]
tests/conformance_acquisition_test.py::test_load_rejects_unbound_accepted_evidence[nullvalue-link] PASSED [ 46%]
tests/conformance_acquisition_test.py::test_v4_retains_historical_loader_contract PASSED [ 47%]
tests/conformance_command_sources_test.py::test_explain_retains_original_sql_source PASSED [ 47%]
tests/conformance_command_sources_test.py::test_comment_boundaries_keep_both_calls[SELECT 7 -- EOF] PASSED [ 47%]
tests/conformance_command_sources_test.py::test_comment_boundaries_keep_both_calls[SELECT 7 /*closed*/] PASSED [ 47%]
tests/conformance_command_sources_test.py::test_comment_boundaries_keep_both_calls[SELECT '--quoted /*text*/'] PASSED [ 48%]
tests/conformance_command_sources_test.py::test_comment_boundaries_keep_both_calls[SELECT '\xe9' -- EOF] PASSED [ 48%]
tests/conformance_command_sources_test.py::test_unterminated_comment_cannot_hide_a_call PASSED [ 48%]
tests/conformance_command_sources_test.py::test_real_tcl_source_observations SKIPPED [ 49%]
tests/conformance_workload_test.py::test_directory_commands_record_replay_and_combined_progress PASSED [ 49%]
tests/conformance_workload_test.py::test_changed_source_files_refuse_replay[workload.json] PASSED [ 49%]
tests/conformance_workload_test.py::test_changed_source_files_refuse_replay[profile.json] PASSED [ 50%]
tests/conformance_workload_test.py::test_changed_source_files_refuse_replay[schema.sql] PASSED [ 50%]
tests/conformance_workload_test.py::test_changed_source_files_refuse_replay[transaction.sql] PASSED [ 50%]
tests/conformance_workload_test.py::test_inventory_refuses_missing_or_unexecuted_inputs PASSED [ 51%]
tests/conformance_workload_test.py::test_inventory_refuses_malformed_parameters_and_escaping_paths PASSED [ 51%]
tests/conformance_workload_test.py::test_failed_last_statement_is_complete_evidence PASSED [ 51%]
tests/conformance_workload_test.py::test_setup_file_boundaries_and_executable_setup_binding PASSED [ 52%]
tests/conformance_workload_test.py::test_nul_sql_cannot_hide_unexecuted_input PASSED [ 52%]
tests/conformance_workload_test.py::test_retained_synthetic_corpus_matches_fresh_recording PASSED [ 52%]
tests/conformance_workload_clock_test.py::test_directory_controlled_clock_and_refused_extra_inputs PASSED [ 52%]
tests/conformance_requirement_coverage_test.py::test_comparison_counts_aliases_once_and_retains_zeros PASSED [ 53%]
tests/conformance_requirement_coverage_test.py::test_unknown_or_ambiguous_tag_is_refused[R-unknown] PASSED [ 53%]
tests/conformance_requirement_coverage_test.py::test_unknown_or_ambiguous_tag_is_refused[R-00001] PASSED [ 53%]
tests/conformance_requirement_coverage_test.py::test_unknown_or_ambiguous_tag_is_refused[] PASSED [ 54%]
tests/conformance_requirement_coverage_test.py::test_inconsistent_inventory_is_refused[count] PASSED [ 54%]
tests/conformance_requirement_coverage_test.py::test_inconsistent_inventory_is_refused[duplicate] PASSED [ 54%]
tests/conformance_requirement_coverage_test.py::test_inconsistent_inventory_is_refused[boolean-count] PASSED [ 55%]
tests/conformance_requirement_coverage_test.py::test_obsolete_citations_retain_provenance_without_credit PASSED [ 55%]
tests/conformance_requirement_coverage_test.py::test_malformed_reference_cannot_be_retained_as_a_citation[False] PASSED [ 55%]
tests/conformance_requirement_coverage_test.py::test_malformed_reference_cannot_be_retained_as_a_citation[tag1] PASSED [ 56%]
tests/conformance_requirement_coverage_test.py::test_malformed_reference_cannot_be_retained_as_a_citation[] PASSED [ 56%]
tests/conformance_requirement_coverage_test.py::test_progress_uses_per_case_verdicts PASSED [ 56%]
tests/conformance_fidelity_test.py::test_ledger_covers_every_historical_fidelity_refusal PASSED [ 56%]
tests/conformance_fidelity_test.py::test_proven_metadata_mismatch_has_a_narrow_cause[PRAGMA database_list-expected0-filesystem path observation] PASSED [ 57%]
tests/conformance_fidelity_test.py::test_proven_metadata_mismatch_has_a_narrow_cause[-- metadata\nPRAGMA main."database_list";-expected1-filesystem path observation] PASSED [ 57%]
tests/conformance_fidelity_test.py::test_proven_metadata_mismatch_has_a_narrow_cause[PRAGMA lock_status-expected2-testfixture-only lock metadata] PASSED [ 57%]
tests/conformance_fidelity_test.py::test_proven_metadata_mismatch_has_a_narrow_cause[PRAGMA database_list-expected3-prefix results differ from Tcl execution$] PASSED [ 58%]
tests/conformance_fidelity_test.py::test_proven_metadata_mismatch_has_a_narrow_cause[SELECT 'PRAGMA database_list'-expected4-prefix results differ from Tcl execution$] PASSED [ 58%]
tests/conformance_fidelity_test.py::test_missing_testfixture_module_keeps_native_error[False] PASSED [ 58%]
tests/conformance_fidelity_test.py::test_missing_testfixture_module_keeps_native_error[True] PASSED [ 59%]
tests/conformance_fidelity_test.py::test_uncaptured_tcl_bindings_are_excluded_without_guessing_values PASSED [ 59%]
tests/conformance_fidelity_test.py::test_explicit_typed_parameters_remain_recordable PASSED [ 59%]
tests/conformance_fidelity_test.py::test_native_parameter_names_survive_ordering_probes PASSED [ 60%]
tests/conformance_storage_test.py::test_native_storage_round_trip[1] PASSED [ 60%]
tests/conformance_storage_test.py::test_native_storage_round_trip[2] PASSED [ 60%]
tests/conformance_storage_test.py::test_native_storage_round_trip[3] PASSED [ 60%]
tests/conformance_storage_test.py::test_native_storage_round_trip[4] PASSED [ 61%]
tests/conformance_storage_test.py::test_utf8_exact_size_boundary PASSED  [ 61%]
tests/conformance_storage_test.py::test_logically_oversized_case_cannot_hide_behind_sharing PASSED [ 61%]
tests/conformance_storage_test.py::test_load_refuses_corrupt_shared_evidence[content] PASSED [ 62%]
tests/conformance_storage_test.py::test_load_refuses_corrupt_shared_evidence[missing] PASSED [ 62%]
tests/conformance_storage_test.py::test_load_refuses_corrupt_shared_evidence[reference] PASSED [ 62%]
tests/conformance_storage_test.py::test_load_refuses_corrupt_shared_evidence[version] PASSED [ 63%]
tests/conformance_storage_test.py::test_load_refuses_corrupt_shared_evidence[bool-version] PASSED [ 63%]
tests/conformance_storage_test.py::test_load_refuses_corrupt_shared_evidence[unused] PASSED [ 63%]
tests/conformance_storage_test.py::test_load_refuses_corrupt_shared_evidence[pool] PASSED [ 64%]
tests/conformance_storage_test.py::test_repeat_refresh_preserves_shared_parents_and_profiles PASSED [ 64%]
tests/conformance_trace_test.py::test_production_trace PASSED            [ 64%]
tests/conformance_trace_test.py::test_statement_outputs PASSED           [ 65%]
tests/conformance_ordering_test.py::test_native_ties_and_window_boundaries PASSED [ 65%]
tests/conformance_ordering_test.py::test_record_ordered_queries_and_cuts PASSED [ 65%]
tests/conformance_ordering_test.py::test_query_window_parameters_and_deterministic_write PASSED [ 65%]
tests/conformance_ordering_test.py::test_sqlite_identifier_spelling PASSED [ 66%]
tests/conformance_ordering_test.py::test_only_boundary_groups_may_be_partial PASSED [ 66%]
tests/conformance_ordering_test.py::test_nested_windows_are_not_silently_ordered PASSED [ 66%]
tests/conformance_clock_test.py::test_engine_clock_defaults_triggers_and_probes PASSED [ 67%]
tests/conformance_profile_test.py::test_profile_engine_settings_and_foreign_keys PASSED [ 67%]
tests/conformance_profile_test.py::test_recorded_profile_clock_and_fresh_replay PASSED [ 67%]
tests/conformance_profile_test.py::test_profile_selects_its_pinned_engine PASSED [ 68%]
tests/conformance_profile_test.py::test_fixed_clock_records_native_statement_boundaries PASSED [ 68%]
tests/conformance_profile_test.py::test_profile_equal_setting_writes_preserve_readback PASSED [ 68%]
tests/conformance_driver_profiles_test.py::test_explicit_native_conditions[False-False-False-False] PASSED [ 69%]
tests/conformance_driver_profiles_test.py::test_explicit_native_conditions[False-False-False-True] PASSED [ 69%]
tests/conformance_driver_profiles_test.py::test_explicit_native_conditions[False-False-True-False] PASSED [ 69%]
tests/conformance_driver_profiles_test.py::test_explicit_native_conditions[False-False-True-True] PASSED [ 69%]
tests/conformance_driver_profiles_test.py::test_explicit_native_conditions[False-True-False-False] PASSED [ 70%]
tests/conformance_driver_profiles_test.py::test_explicit_native_conditions[False-True-False-True] PASSED [ 70%]
tests/conformance_driver_profiles_test.py::test_explicit_native_conditions[False-True-True-False] PASSED [ 70%]
tests/conformance_driver_profiles_test.py::test_explicit_native_conditions[False-True-True-True] PASSED [ 71%]
tests/conformance_driver_profiles_test.py::test_explicit_native_conditions[True-False-False-False] PASSED [ 71%]
tests/conformance_driver_profiles_test.py::test_explicit_native_conditions[True-False-False-True] PASSED [ 71%]
tests/conformance_driver_profiles_test.py::test_explicit_native_conditions[True-False-True-False] PASSED [ 72%]
tests/conformance_driver_profiles_test.py::test_explicit_native_conditions[True-False-True-True] PASSED [ 72%]
tests/conformance_driver_profiles_test.py::test_explicit_native_conditions[True-True-False-False] PASSED [ 72%]
tests/conformance_driver_profiles_test.py::test_explicit_native_conditions[True-True-False-True] PASSED [ 73%]
tests/conformance_driver_profiles_test.py::test_explicit_native_conditions[True-True-True-False] PASSED [ 73%]
tests/conformance_driver_profiles_test.py::test_explicit_native_conditions[True-True-True-True] PASSED [ 73%]
tests/conformance_driver_profiles_test.py::test_transport_and_access_refuse_reinterpretation PASSED [ 73%]
tests/conformance_driver_profiles_test.py::test_trusted_schema_off_preserves_native_clock_and_cascades PASSED [ 74%]
tests/conformance_readonly_workload_test.py::test_readonly_directory_freeze_load_and_fresh_replay PASSED [ 74%]
tests/conformance_readonly_workload_test.py::test_readonly_reopen_and_environmental_error_boundary PASSED [ 74%]
tests/conformance_context_test.py::test_closed_auxiliary_read_prefix_recovers PASSED [ 75%]
tests/conformance_context_test.py::test_closed_reader_does_not_hide_uncommitted_difference PASSED [ 75%]
tests/conformance_context_test.py::test_reset_does_not_close_an_auxiliary_handle PASSED [ 75%]
tests/conformance_context_test.py::test_auxiliary_file_identity_is_required PASSED [ 76%]
tests/conformance_context_test.py::test_detached_memory_prefix_replays_main_state PASSED [ 76%]
tests/conformance_pipeline_test.py::test_transaction_observation[COMMIT;] PASSED [ 76%]
tests/conformance_pipeline_test.py::test_transaction_observation[ROLLBACK;] PASSED [ 77%]
tests/conformance_pipeline_test.py::test_transaction_observation[] PASSED [ 77%]
tests/conformance_pipeline_test.py::test_transaction_observation[BEGIN; COMMIT;] PASSED [ 77%]
tests/conformance_pipeline_test.py::test_transaction_observation[INSERT INTO records(id,payload) VALUES(9,X'00'); COMMIT;] PASSED [ 78%]
tests/conformance_pipeline_test.py::test_wrong_trace_and_unsupported PASSED [ 78%]
tests/conformance_pipeline_test.py::test_exact_storage_and_wide_rows PASSED [ 78%]
tests/conformance_pipeline_test.py::test_fail_closed_transport PASSED    [ 78%]
tests/conformance_pipeline_test.py::test_preserved_schema_metadata PASSED [ 79%]
tests/conformance_pipeline_test.py::test_connection_dqs_profile PASSED   [ 79%]
tests/conformance_pipeline_test.py::test_native_metadata_catches_translator_faults PASSED [ 79%]
tests/conformance_pipeline_test.py::test_schema_cache_and_batch PASSED   [ 80%]
tests/conformance_mutation_test.py::test_model_mutation PASSED           [ 80%]
tests/conformance_mutation_test.py::test_locked_native_snapshot_is_harness_error PASSED [ 80%]
tests/conformance_laws_test.py::test_laws_kernel PASSED                  [ 81%]
tests/conformance_laws_test.py::test_native_laws[0] PASSED               [ 81%]
tests/conformance_laws_test.py::test_native_laws[1] PASSED               [ 81%]
tests/conformance_laws_test.py::test_native_laws[5] PASSED               [ 82%]
tests/conformance_record_test.py::test_outside_subset_survives PASSED    [ 82%]
tests/conformance_record_test.py::test_native_record_replay PASSED       [ 82%]
tests/conformance_record_test.py::test_nonmain_state_cannot_disappear PASSED [ 82%]
tests/conformance_record_test.py::test_statement_alignment_is_harness_error PASSED [ 83%]
tests/conformance_record_test.py::test_native_semantic_errors_are_recorded PASSED [ 83%]
tests/conformance_record_test.py::test_trailing_queries_do_not_hide_migration_progress PASSED [ 83%]
tests/conformance_record_test.py::test_external_files_are_rejected_before_creation PASSED [ 84%]
tests/conformance_record_test.py::test_native_syntax_errors_remain_frontend_exclusions PASSED [ 84%]
tests/conformance_record_test.py::test_native_output_shape_bindings_and_probe_guard PASSED [ 84%]
tests/conformance_record_test.py::test_record_outputs_and_direct_changes PASSED [ 85%]
tests/conformance_dqs_test.py::test_library_default_and_frontend[3.51.0-] PASSED [ 85%]
tests/conformance_dqs_test.py::test_library_default_and_frontend[3.46.0--3.46.0] PASSED [ 85%]
tests/conformance_upstream_test.py::test_runtime_instances_and_extraction_fidelity PASSED [ 86%]
tests/conformance_upstream_test.py::test_minimization_preserves_output_and_profile_evidence[False] PASSED [ 86%]
tests/conformance_upstream_test.py::test_minimization_preserves_output_and_profile_evidence[True] PASSED [ 86%]
tests/conformance_upstream_test.py::test_frozen_corpus_replays PASSED    [ 86%]
tests/conformance_upstream_test.py::test_reopen_preserves_commit_and_discards_pending_write PASSED [ 87%]
tests/conformance_upstream_test.py::test_nearest_requirement_context PASSED [ 87%]
tests/conformance_upstream_test.py::test_selection_cap_preserves_context_and_fidelity_reasons PASSED [ 87%]
tests/conformance_upstream_test.py::test_helper_results_keep_ordinary_native_rows[exists-SELECT 42;-1] PASSED [ 88%]
tests/conformance_upstream_test.py::test_helper_results_keep_ordinary_native_rows[exists-SELECT 42 WHERE 0;-0] PASSED [ 88%]
tests/conformance_upstream_test.py::test_helper_results_keep_ordinary_native_rows[onecolumn-SELECT 42,99 UNION ALL SELECT 7,8;-42] PASSED [ 88%]
tests/conformance_upstream_test.py::test_helper_results_keep_ordinary_native_rows[onecolumn-SELECT NULL;-] PASSED [ 89%]
tests/conformance_upstream_test.py::test_helper_results_keep_ordinary_native_rows[onecolumn-SELECT 42 WHERE 0;-] PASSED [ 89%]
tests/conformance_upstream_test.py::test_row_helpers_refuse_writes_and_row_scripts PASSED [ 89%]
tests/conformance_upstream_test.py::test_mixed_helpers_keep_call_boundaries PASSED [ 90%]
tests/conformance_upstream_test.py::test_pure_row_script_semantics_keep_returning_rows PASSED [ 90%]
tests/conformance_generation_test.py::test_stateful_modes[False] PASSED  [ 90%]
tests/conformance_generation_test.py::test_stateful_modes[True] PASSED   [ 91%]
tests/conformance_generation_test.py::test_affinity_boundaries_remain_unsupported['1'] PASSED [ 91%]
tests/conformance_generation_test.py::test_affinity_boundaries_remain_unsupported[' 1'] PASSED [ 91%]
tests/conformance_generation_test.py::test_affinity_boundaries_remain_unsupported['1.0'] PASSED [ 91%]
tests/conformance_generation_test.py::test_affinity_boundaries_remain_unsupported[1e20] PASSED [ 92%]
tests/conformance_generation_test.py::test_affinity_boundaries_remain_unsupported[0.0] PASSED [ 92%]
tests/conformance_generation_test.py::test_affinity_boundaries_remain_unsupported[-0.0] PASSED [ 92%]
tests/conformance_generation_test.py::test_affinity_boundaries_remain_unsupported[9223372036854775808] PASSED [ 93%]
tests/conformance_generation_test.py::test_column_boundary PASSED        [ 93%]
tests/conformance_generation_test.py::test_shrink_delete_and_freeze PASSED [ 93%]
tests/conformance_generation_test.py::test_frozen_regression PASSED      [ 94%]
tests/conformance_coverage_test.py::test_release_requirement_ids PASSED  [ 94%]
tests/conformance_coverage_test.py::test_frozen_progress_and_replay PASSED [ 94%]
tests/conformance_coverage_test.py::test_gcov_reached_function_denominator PASSED [ 95%]
tests/conformance_coverage_test.py::test_parser_failure_is_not_subset_exclusion PASSED [ 95%]
tests/conformance_coverage_test.py::test_review_corpus_extends_and_replays PASSED [ 95%]
tests/conformance_progress_views_test.py::test_part_feature_shard_denominators PASSED [ 95%]
tests/conformance_progress_views_test.py::test_historical_upstream_labels_cannot_become_case_coverage PASSED [ 96%]
tests/conformance_progress_views_test.py::test_report_binds_runtime_profiles_shards_evidence PASSED [ 96%]
tests/conformance_progress_views_test.py::test_absent_binary_cannot_produce_progress[build/sqlite-parser] PASSED [ 96%]
tests/conformance_progress_views_test.py::test_absent_binary_cannot_produce_progress[.lake/build/bin/conformance-runner] PASSED [ 97%]
tests/conformance_progress_views_test.py::test_cli_defaults_to_frozen_v5 PASSED [ 97%]
tests/conformance_progress_views_test.py::test_actual_frozen_partition_requirement_inventory_and_identities[4] PASSED [ 97%]
tests/conformance_progress_views_test.py::test_actual_frozen_partition_requirement_inventory_and_identities[5] PASSED [ 98%]
tests/conformance_tier_bindings_test.py::test_changed_frozen_bindings_fail_before_replay[digest] PASSED [ 98%]
tests/conformance_tier_bindings_test.py::test_changed_frozen_bindings_fail_before_replay[profile] PASSED [ 98%]
tests/conformance_tier_bindings_test.py::test_changed_frozen_bindings_fail_before_replay[evidence] PASSED [ 99%]
tests/conformance_tier_bindings_test.py::test_changed_synthetic_source_fails_bound_input_loading PASSED [ 99%]
tests/conformance_tier_bindings_test.py::test_native_mismatch_fails_the_tier PASSED [ 99%]
tests/conformance_tier_bindings_test.py::test_legacy_v4_tier_still_replays_its_original_sample PASSED [100%]

- generated xml file: /nix/store/nmk7kklfqivhywy7mi38mq03g53hx98g-sqlite-verifier-test-model-1/junit.xml -
============================= slowest 10 durations =============================
102.05s call     tests/conformance_progress_views_test.py::test_actual_frozen_partition_requirement_inventory_and_identities[5]
48.84s call     tests/conformance_coverage_test.py::test_review_corpus_extends_and_replays
26.77s call     tests/conformance_progress_views_test.py::test_actual_frozen_partition_requirement_inventory_and_identities[4]
16.09s call     tests/conformance_generation_test.py::test_stateful_modes[True]
15.68s call     tests/conformance_model_test.py::test_native_model[add_then_create]
14.59s call     tests/conformance_pipeline_test.py::test_wrong_trace_and_unsupported
14.23s call     tests/conformance_generation_test.py::test_shrink_delete_and_freeze
12.21s call     tests/conformance_model_test.py::test_native_model[limit_before_duplicate]
9.14s call     tests/conformance_authored_test.py::test_retained_authored_evidence_and_coverage
7.15s call     tests/conformance_tier_bindings_test.py::test_legacy_v4_tier_still_replays_its_original_sample
=========================== short test summary info ============================
SKIPPED [1] tests/conformance_command_sources_test.py:52: Run the pinned Nix upstream target for Tcl capture
================== 322 passed, 1 skipped in 350.28s (0:05:50) ==================
installPhase completed in 5 minutes 51 seconds
Running phase: fixupPhase
checking for references to /private/tmp/nix-build-sqlite-verifier-test-model-1.drv-0/ in /nix/store/nmk7kklfqivhywy7mi38mq03g53hx98g-sqlite-verifier-test-model-1...
patching script interpreter paths in /nix/store/nmk7kklfqivhywy7mi38mq03g53hx98g-sqlite-verifier-test-model-1
/nix/store/nmk7kklfqivhywy7mi38mq03g53hx98g-sqlite-verifier-test-model-1
