============================= test session starts ==============================
platform darwin -- Python 3.14.7, pytest-9.1.1, pluggy-1.6.0 -- /nix/store/7xgkr19ify5wzfj8mafjqhywzvsmgqaq-python3-3.14.7-env/bin/python3
cachedir: .pytest_cache
hypothesis profile 'default'
rootdir: /Users/tzankomatev/work/sqlite-verifier-adr5
configfile: pytest.ini
plugins: hypothesis-6.156.1
collecting ... collected 354 items / 68 deselected / 286 selected

tests/compilation_test.py::test_sealed_source_compilation PASSED         [  0%]
tests/compilation_test.py::test_changed_supplied_schema PASSED           [  0%]
tests/compilation_test.py::test_selected_generated_role PASSED           [  1%]
tests/compilation_test.py::test_rejected_source_graph[NextInterpretation] PASSED [  1%]
tests/compilation_test.py::test_rejected_source_graph[proofs] PASSED     [  1%]
tests/compilation_test.py::test_rejected_source_graph[SqlInputs] PASSED  [  2%]
tests/compilation_test.py::test_rejected_source_graph[Generated] PASSED  [  2%]
tests/compilation_test.py::test_rejected_source_graph[schemainputs] PASSED [  2%]
tests/compilation_test.py::test_rejected_source_graph[SchemaInputs.Evil] PASSED [  3%]
tests/compilation_test.py::test_rejected_source_graph[HiddenCandidate] PASSED [  3%]
tests/compilation_test.py::test_rejected_source_graph[CandidateOnly] PASSED [  3%]
tests/compilation_test.py::test_rejected_source_graph[Cycle] PASSED      [  4%]
tests/compilation_test.py::test_rejected_source_graph[Conflict] PASSED   [  4%]
tests/compilation_test.py::test_compiler_output_symlink PASSED           [  4%]
tests/compilation_test.py::test_artifact_alias[parent_symlink] PASSED    [  5%]
tests/compilation_test.py::test_artifact_alias[hardlink] PASSED          [  5%]
tests/compilation_test.py::test_quoted_module_path PASSED                [  5%]
tests/conformance_axioms_test.py::test_forbidden_axiom[sorryAx] PASSED   [  6%]
tests/conformance_axioms_test.py::test_forbidden_axiom[Lean.ofReduceBool] PASSED [  6%]
tests/conformance_axioms_test.py::test_forbidden_axiom[checkedCase._native.1] PASSED [  6%]
tests/conformance_axioms_test.py::test_logical_axioms PASSED             [  7%]
tests/conformance_native_test.py::test_upstream_pin_and_import_fidelity PASSED [  7%]
tests/conformance_native_test.py::test_upstream_case[alter3-3.1-1] PASSED [  8%]
tests/conformance_native_test.py::test_upstream_case[alter3-3.1-2] PASSED [  8%]
tests/conformance_native_test.py::test_upstream_case[alter3-3.2-1] PASSED [  8%]
tests/conformance_native_test.py::test_final_native_observations PASSED  [  9%]
tests/coverage_evidence_test.py::test_grammar_inventory[3.51.0] PASSED   [  9%]
tests/coverage_evidence_test.py::test_grammar_inventory[3.46.0] PASSED   [  9%]
tests/coverage_evidence_test.py::test_named_proofs PASSED                [ 10%]
tests/coverage_evidence_test.py::test_axiom_audit_rejects_missing_and_untrusted PASSED [ 10%]
tests/docs_test.py::test_broken_links_detects_missing_local_files PASSED [ 10%]
tests/docs_test.py::test_local_markdown_links PASSED                     [ 11%]
tests/early_baseline_test.py::test_changed_transitive_source ERROR       [ 11%]
tests/early_baseline_test.py::test_added_closure_member ERROR            [ 11%]
tests/early_baseline_test.py::test_removed_closure_member ERROR          [ 12%]
tests/early_baseline_test.py::test_changed_schema_pin ERROR              [ 12%]
tests/early_baseline_test.py::test_malformed_schema_pin ERROR            [ 12%]
tests/early_baseline_test.py::test_missing_dependency_precedence ERROR   [ 13%]
tests/early_baseline_test.py::test_optional_schema_pin_and_sealed_snapshot ERROR [ 13%]
tests/parser_build_test.py::test_generator_preserves_rules_and_rejects_mismatched_tokens PASSED [ 13%]
tests/parser_test.py::test_valid_grammar[3.51.0-empty] PASSED            [ 14%]
tests/parser_test.py::test_valid_grammar[3.51.0-line_comment] PASSED     [ 14%]
tests/parser_test.py::test_valid_grammar[3.51.0-comment_semicolons] PASSED [ 15%]
tests/parser_test.py::test_valid_grammar[3.51.0-create_add] PASSED       [ 15%]
tests/parser_test.py::test_valid_grammar[3.51.0-quoted_names] PASSED     [ 15%]
tests/parser_test.py::test_valid_grammar[3.51.0-trigger_semicolons] PASSED [ 16%]
tests/parser_test.py::test_valid_grammar[3.51.0-literal_tokens] PASSED   [ 16%]
tests/parser_test.py::test_valid_grammar[3.51.0-contextual_keywords] PASSED [ 16%]
tests/parser_test.py::test_valid_grammar[3.51.0-window_filter] PASSED    [ 17%]
tests/parser_test.py::test_valid_grammar[3.51.0-named_window] PASSED     [ 17%]
tests/parser_test.py::test_valid_grammar[3.51.0-recursive_cte] PASSED    [ 17%]
tests/parser_test.py::test_valid_grammar[3.51.0-upsert_returning] PASSED [ 18%]
tests/parser_test.py::test_valid_grammar[3.51.0-virtual_table] PASSED    [ 18%]
tests/parser_test.py::test_valid_grammar[3.51.0-strict_generated] PASSED [ 18%]
tests/parser_test.py::test_valid_grammar[3.51.0-expression_index] PASSED [ 19%]
tests/parser_test.py::test_valid_grammar[3.51.0-attach_pragma_vacuum] PASSED [ 19%]
tests/parser_test.py::test_valid_grammar[3.51.0-transaction_savepoint] PASSED [ 19%]
tests/parser_test.py::test_valid_grammar[3.51.0-explain_delete] PASSED   [ 20%]
tests/parser_test.py::test_valid_grammar[3.51.0-update_analyze_reindex] PASSED [ 20%]
tests/parser_test.py::test_valid_grammar[3.51.0-unicode_bom] PASSED      [ 20%]
tests/parser_test.py::test_valid_grammar[3.46.0-empty] PASSED            [ 21%]
tests/parser_test.py::test_valid_grammar[3.46.0-line_comment] PASSED     [ 21%]
tests/parser_test.py::test_valid_grammar[3.46.0-comment_semicolons] PASSED [ 22%]
tests/parser_test.py::test_valid_grammar[3.46.0-create_add] PASSED       [ 22%]
tests/parser_test.py::test_valid_grammar[3.46.0-quoted_names] PASSED     [ 22%]
tests/parser_test.py::test_valid_grammar[3.46.0-trigger_semicolons] PASSED [ 23%]
tests/parser_test.py::test_valid_grammar[3.46.0-literal_tokens] PASSED   [ 23%]
tests/parser_test.py::test_valid_grammar[3.46.0-contextual_keywords] PASSED [ 23%]
tests/parser_test.py::test_valid_grammar[3.46.0-window_filter] PASSED    [ 24%]
tests/parser_test.py::test_valid_grammar[3.46.0-named_window] PASSED     [ 24%]
tests/parser_test.py::test_valid_grammar[3.46.0-recursive_cte] PASSED    [ 24%]
tests/parser_test.py::test_valid_grammar[3.46.0-upsert_returning] PASSED [ 25%]
tests/parser_test.py::test_valid_grammar[3.46.0-virtual_table] PASSED    [ 25%]
tests/parser_test.py::test_valid_grammar[3.46.0-strict_generated] PASSED [ 25%]
tests/parser_test.py::test_valid_grammar[3.46.0-expression_index] PASSED [ 26%]
tests/parser_test.py::test_valid_grammar[3.46.0-attach_pragma_vacuum] PASSED [ 26%]
tests/parser_test.py::test_valid_grammar[3.46.0-transaction_savepoint] PASSED [ 26%]
tests/parser_test.py::test_valid_grammar[3.46.0-explain_delete] PASSED   [ 27%]
tests/parser_test.py::test_valid_grammar[3.46.0-update_analyze_reindex] PASSED [ 27%]
tests/parser_test.py::test_valid_grammar[3.46.0-unicode_bom] PASSED      [ 27%]
tests/parser_test.py::test_invalid_grammar[3.51.0-incomplete_select] PASSED [ 28%]
tests/parser_test.py::test_invalid_grammar[3.51.0-incomplete_create] PASSED [ 28%]
tests/parser_test.py::test_invalid_grammar[3.51.0-unterminated_string] PASSED [ 29%]
tests/parser_test.py::test_invalid_grammar[3.51.0-odd_blob] PASSED       [ 29%]
tests/parser_test.py::test_invalid_grammar[3.51.0-trailing_nonsense] PASSED [ 29%]
tests/parser_test.py::test_invalid_grammar[3.51.0-embedded_nul] PASSED   [ 30%]
tests/parser_test.py::test_invalid_grammar[3.51.0-invalid_utf8] PASSED   [ 30%]
tests/parser_test.py::test_invalid_grammar[3.51.0-incomplete_trigger] PASSED [ 30%]
tests/parser_test.py::test_invalid_grammar[3.51.0-update_limit] PASSED   [ 31%]
tests/parser_test.py::test_invalid_grammar[3.51.0-invalid_variable] PASSED [ 31%]
tests/parser_test.py::test_invalid_grammar[3.51.0-utf8_surrogate] PASSED [ 31%]
tests/parser_test.py::test_invalid_grammar[3.51.0-double_separator] PASSED [ 32%]
tests/parser_test.py::test_invalid_grammar[3.51.0-trailing_separator] PASSED [ 32%]
tests/parser_test.py::test_invalid_grammar[3.51.0-hex_double_separator] PASSED [ 32%]
tests/parser_test.py::test_invalid_grammar[3.51.0-separator_before_decimal] PASSED [ 33%]
tests/parser_test.py::test_invalid_grammar[3.46.0-incomplete_select] PASSED [ 33%]
tests/parser_test.py::test_invalid_grammar[3.46.0-incomplete_create] PASSED [ 33%]
tests/parser_test.py::test_invalid_grammar[3.46.0-unterminated_string] PASSED [ 34%]
tests/parser_test.py::test_invalid_grammar[3.46.0-odd_blob] PASSED       [ 34%]
tests/parser_test.py::test_invalid_grammar[3.46.0-trailing_nonsense] PASSED [ 34%]
tests/parser_test.py::test_invalid_grammar[3.46.0-embedded_nul] PASSED   [ 35%]
tests/parser_test.py::test_invalid_grammar[3.46.0-invalid_utf8] PASSED   [ 35%]
tests/parser_test.py::test_invalid_grammar[3.46.0-incomplete_trigger] PASSED [ 36%]
tests/parser_test.py::test_invalid_grammar[3.46.0-update_limit] PASSED   [ 36%]
tests/parser_test.py::test_invalid_grammar[3.46.0-invalid_variable] PASSED [ 36%]
tests/parser_test.py::test_invalid_grammar[3.46.0-utf8_surrogate] PASSED [ 37%]
tests/parser_test.py::test_invalid_grammar[3.46.0-double_separator] PASSED [ 37%]
tests/parser_test.py::test_invalid_grammar[3.46.0-trailing_separator] PASSED [ 37%]
tests/parser_test.py::test_invalid_grammar[3.46.0-hex_double_separator] PASSED [ 38%]
tests/parser_test.py::test_invalid_grammar[3.46.0-separator_before_decimal] PASSED [ 38%]
tests/parser_test.py::test_resource_limit[3.51.0] PASSED                 [ 38%]
tests/parser_test.py::test_resource_limit[3.46.0] PASSED                 [ 39%]
tests/parser_test.py::test_deterministic_unicode_spans[3.51.0] PASSED    [ 39%]
tests/parser_test.py::test_deterministic_unicode_spans[3.46.0] PASSED    [ 39%]
tests/parser_test.py::test_raise_expression_version_boundary[3.51.0] PASSED [ 40%]
tests/parser_test.py::test_raise_expression_version_boundary[3.46.0] PASSED [ 40%]
tests/schema_generation_test.py::test_profile_emission_equivalence PASSED [ 40%]
tests/schema_generation_test.py::test_rich_schema_kernel_properties PASSED [ 41%]
tests/schema_generation_test.py::test_literal_write_kernel_properties PASSED [ 41%]
tests/test_baseline_ci.py::test_source_and_manifest_drift PASSED         [ 41%]
tests/test_ci_checks.py::test_ci_modes_retain_fresh_checks[aarch64-darwin-source] PASSED [ 42%]
tests/test_ci_checks.py::test_ci_modes_retain_fresh_checks[aarch64-darwin-build] PASSED [ 42%]
tests/test_ci_checks.py::test_ci_modes_retain_fresh_checks[x86_64-linux-source] PASSED [ 43%]
tests/test_ci_checks.py::test_ci_modes_retain_fresh_checks[x86_64-linux-build] PASSED [ 43%]
tests/test_ci_checks.py::test_ci_failure_retains_phase_status PASSED     [ 43%]
tests/test_ci_checks.py::test_ci_timeout_retains_group_runner_diagnostics PASSED [ 44%]
tests/test_ci_scope.py::CiScopeTest::test_change_scopes 
tests/test_ci_scope.py::CiScopeTest::test_change_scopes PASSED           [ 44%]
tests/test_ci_scope.py::CiScopeTest::test_real_diff_preserves_removed_runtime_paths PASSED [ 44%]
tests/test_ci_scope.py::CiScopeTest::test_release_and_manual_runs_package PASSED [ 45%]
tests/test_cli_inputs.py::test_profile_diagnostics[missing] PASSED       [ 45%]
tests/test_cli_inputs.py::test_profile_diagnostics[malformed] PASSED     [ 45%]
tests/test_cli_inputs.py::test_profile_diagnostics[unsupported] PASSED   [ 46%]
tests/test_module_keys.py::test_proof_edit_changes_only_proofs PASSED    [ 46%]
tests/test_module_keys.py::test_sql_edit_skips_modules_without_sql_inputs PASSED [ 46%]
tests/test_module_keys.py::test_contract_or_schema_edit_invalidates_every_importer PASSED [ 47%]
tests/test_module_keys.py::test_intermediate_edit_propagates_to_importers PASSED [ 47%]
tests/test_module_keys.py::test_runtime_identity_changes_every_key PASSED [ 47%]
tests/test_process.py::test_output_limit PASSED                          [ 48%]
tests/test_process.py::test_timeout PASSED                               [ 48%]
tests/test_process.py::test_explicit_environment PASSED                  [ 48%]
tests/test_profiles.py::test_no_framework_directives_or_reserved_catalog_names PASSED [ 49%]
tests/test_profiles.py::test_catalog_json_and_unknown_versions_reject PASSED [ 49%]
tests/test_pytest_harness.py::test_missing_prerequisite_fails_setup[source-Required Lean compiler is missing] PASSED [ 50%]
tests/test_pytest_harness.py::test_missing_prerequisite_fails_setup[installed-Required runtime file is missing] PASSED [ 50%]
tests/test_pytest_harness.py::test_installed_missing_compiler_cannot_fall_back_to_host PASSED [ 50%]
tests/test_pytest_harness.py::test_archive_installs_only_for_executed_cases PASSED [ 51%]
tests/test_pytest_harness.py::test_archive_rejects_ambiguous_runtime[source-variant] PASSED [ 51%]
tests/test_pytest_harness.py::test_archive_rejects_ambiguous_runtime[conflicting-root] PASSED [ 51%]
tests/test_pytest_harness.py::test_example_copies_are_writable_and_independent PASSED [ 52%]
tests/test_pytest_harness.py::test_command_json_diagnostics_retain_both_streams PASSED [ 52%]
tests/test_pytest_harness.py::test_timeout_kills_process_group_and_retains_output FAILED [ 52%]
tests/test_resources.py::test_package_preflight_precedes_external_work PASSED [ 53%]
tests/test_resources.py::test_separate_temporary_filesystem PASSED       [ 53%]
tests/test_resources.py::test_environment_and_capacity_boundaries PASSED [ 53%]
tests/test_runtime_package.py::test_install_does_not_delete_concurrent_destination PASSED [ 54%]
tests/test_runtime_staging.py::test_archive_exports_content_addressed_closure[Darwin-arm64-aarch64-darwin] PASSED [ 54%]
tests/test_runtime_staging.py::test_archive_exports_content_addressed_closure[Linux-x86_64-x86_64-linux] PASSED [ 54%]
tests/test_runtime_staging.py::test_explicit_runtime_never_falls_back_to_ambient_lean PASSED [ 55%]
tests/test_runtime_staging.py::test_archive_output_preflight_precedes_tool_reads[output-0-10 GiB] PASSED [ 55%]
tests/test_runtime_staging.py::test_archive_output_preflight_precedes_tool_reads[/nix/store/forbidden-archive-21474836480-immutable Nix store] PASSED [ 55%]
tests/test_schema_baseline.py::test_optional_schema_pin PASSED           [ 56%]
tests/test_schema_translation.py::test_metadata_and_indexes_survive_nullable_add PASSED [ 56%]
tests/test_schema_translation.py::test_create_cannot_collide_with_preserved_index PASSED [ 56%]
tests/test_schema_translation.py::test_unsupported_metadata_cannot_disappear[CREATE TABLE t(x INTEGER PRIMARY KEY);] PASSED [ 57%]
tests/test_schema_translation.py::test_unsupported_metadata_cannot_disappear[CREATE TABLE t(x TEXT PRIMARY KEY DESC);] PASSED [ 57%]
tests/test_schema_translation.py::test_unsupported_metadata_cannot_disappear[CREATE TABLE t(x TEXT PRIMARY KEY ON CONFLICT REPLACE);] PASSED [ 58%]
tests/test_schema_translation.py::test_unsupported_metadata_cannot_disappear[CREATE TABLE t(x BIGINT PRIMARY KEY AUTOINCREMENT);] PASSED [ 58%]
tests/test_schema_translation.py::test_unsupported_metadata_cannot_disappear[CREATE TABLE t(x TEXT NOT NULL ON CONFLICT IGNORE);] PASSED [ 58%]
tests/test_schema_translation.py::test_unsupported_metadata_cannot_disappear[CREATE TABLE t(x TEXT DEFAULT CURRENT_DATE);] PASSED [ 59%]
tests/test_schema_translation.py::test_unsupported_metadata_cannot_disappear[CREATE TABLE t(x TEXT DEFAULT CURRENT_TIME);] PASSED [ 59%]
tests/test_schema_translation.py::test_unsupported_metadata_cannot_disappear[CREATE TABLE t(x TEXT DEFAULT (CURRENT_TIMESTAMP));] PASSED [ 59%]
tests/test_schema_translation.py::test_unsupported_metadata_cannot_disappear[CREATE TABLE t(x TEXT DEFAULT NULL);] PASSED [ 60%]
tests/test_schema_translation.py::test_unsupported_metadata_cannot_disappear[CREATE TABLE t(x TEXT DEFAULT 0);] PASSED [ 60%]
tests/test_schema_translation.py::test_unsupported_metadata_cannot_disappear[CREATE TABLE t(x TEXT CHECK(x));] PASSED [ 60%]
tests/test_schema_translation.py::test_unsupported_metadata_cannot_disappear[CREATE TABLE t(x TEXT REFERENCES u);] PASSED [ 61%]
tests/test_schema_translation.py::test_unsupported_metadata_cannot_disappear[CREATE TABLE t(x TEXT COLLATE NOCASE);] PASSED [ 61%]
tests/test_schema_translation.py::test_unsupported_metadata_cannot_disappear[CREATE TABLE t(x TEXT, CONSTRAINT named UNIQUE(x));] PASSED [ 61%]
tests/test_schema_translation.py::test_unsupported_metadata_cannot_disappear[CREATE TABLE t(x TEXT, PRIMARY KEY(x));] PASSED [ 62%]
tests/test_schema_translation.py::test_unsupported_metadata_cannot_disappear[CREATE TABLE t(x TEXT, UNIQUE(x DESC));] PASSED [ 62%]
tests/test_schema_translation.py::test_unsupported_metadata_cannot_disappear[CREATE TABLE t(x TEXT, UNIQUE(x) ON CONFLICT IGNORE);] PASSED [ 62%]
tests/test_schema_translation.py::test_unsupported_metadata_cannot_disappear[CREATE TABLE t(x TEXT) WITHOUT ROWID;] PASSED [ 63%]
tests/test_schema_translation.py::test_unsupported_metadata_cannot_disappear[CREATE TABLE t(x TEXT) STRICT;] PASSED [ 63%]
tests/test_schema_translation.py::test_unsupported_metadata_cannot_disappear[CREATE TABLE t(x TEXT); CREATE INDEX i ON t(lower(x));] PASSED [ 63%]
tests/test_schema_translation.py::test_unsupported_metadata_cannot_disappear[CREATE TABLE t(x TEXT); CREATE INDEX i ON t(x) WHERE x IS NOT NULL;] PASSED [ 64%]
tests/test_schema_translation.py::test_unsupported_metadata_cannot_disappear[CREATE TABLE t(x TEXT); CREATE INDEX i ON t(x COLLATE NOCASE);] PASSED [ 64%]
tests/test_schema_translation.py::test_unsupported_metadata_cannot_disappear[CREATE TABLE t(x TEXT); CREATE INDEX i ON t(x DESC);] PASSED [ 65%]
tests/test_schema_translation.py::test_unsupported_metadata_cannot_disappear[CREATE TABLE t(x TEXT); CREATE TRIGGER tr AFTER INSERT ON t BEGIN SELECT 1; END;] PASSED [ 65%]
tests/test_schema_translation.py::test_statistics_are_exact_engine_managed_baseline_objects PASSED [ 65%]
tests/test_schema_translation.py::test_global_namespace_references_and_aliases PASSED [ 66%]
tests/test_sql_writes.py::test_both_grammars_preserve_all_explicit_operations PASSED [ 66%]
tests/test_sql_writes.py::test_transaction_schema_effects_are_explicit PASSED [ 66%]
tests/test_sql_writes.py::test_literal_storage_values[NULL-None] PASSED  [ 67%]
tests/test_sql_writes.py::test_literal_storage_values[-9223372036854775808--9223372036854775808] PASSED [ 67%]
tests/test_sql_writes.py::test_literal_storage_values[+9223372036854775807-9223372036854775807] PASSED [ 67%]
tests/test_sql_writes.py::test_literal_storage_values[00007-7] PASSED    [ 68%]
tests/test_sql_writes.py::test_literal_storage_values[X''-] PASSED       [ 68%]
tests/test_sql_writes.py::test_literal_storage_values['a''b\\\u03bb'-a'b\\\u03bb] PASSED [ 68%]
tests/test_sql_writes.py::test_unsupported_literal_expressions_reject[1.0] PASSED [ 69%]
tests/test_sql_writes.py::test_unsupported_literal_expressions_reject[9223372036854775808] PASSED [ 69%]
tests/test_sql_writes.py::test_unsupported_literal_expressions_reject[-9223372036854775809] PASSED [ 69%]
tests/test_sql_writes.py::test_unsupported_literal_expressions_reject[1+2] PASSED [ 70%]
tests/test_sql_writes.py::test_unsupported_literal_expressions_reject[?] PASSED [ 70%]
tests/test_sql_writes.py::test_unsupported_literal_expressions_reject[CURRENT_TIMESTAMP] PASSED [ 70%]
tests/test_sql_writes.py::test_unsupported_literal_expressions_reject[TRUE] PASSED [ 71%]
tests/test_sql_writes.py::test_unsupported_literal_expressions_reject[0x10] PASSED [ 71%]
tests/test_sql_writes.py::test_unsupported_literal_expressions_reject[CAST('7' AS INTEGER)] PASSED [ 72%]
tests/test_sql_writes.py::test_unmodeled_key_comparisons_reject[CREATE TABLE t(k TEXT PRIMARY KEY,x TEXT);-INSERT INTO t(k,x) VALUES('key','x');] PASSED [ 72%]
tests/test_sql_writes.py::test_unmodeled_key_comparisons_reject[CREATE TABLE t(k BIGINT,x NUMERIC,UNIQUE(k,x));-UPDATE t SET x=2 WHERE k=1;] PASSED [ 72%]
tests/test_sql_writes.py::test_unmodeled_key_comparisons_reject[CREATE TABLE t(k BIGINT PRIMARY KEY,x TEXT);-INSERT INTO t(k,x) VALUES(X'01','x');] PASSED [ 73%]
tests/test_sql_writes.py::test_unmodeled_key_comparisons_reject[CREATE TABLE t(k BIGINT PRIMARY KEY,x TEXT);-UPDATE t SET k=X'01' WHERE k=1;] PASSED [ 73%]
tests/test_sql_writes.py::test_unmodeled_key_comparisons_reject[CREATE TABLE t(k INTEGER,x TEXT);-UPDATE t SET x='x' WHERE k=1;] PASSED [ 73%]
tests/test_sql_writes.py::test_unique_index_key_update_is_admitted PASSED [ 74%]
tests/test_sql_writes.py::test_optional_syntax_rejects[BEGIN IMMEDIATE;] PASSED [ 74%]
tests/test_sql_writes.py::test_optional_syntax_rejects[SAVEPOINT a;] PASSED [ 74%]
tests/test_sql_writes.py::test_optional_syntax_rejects[ROLLBACK TO a;] PASSED [ 75%]
tests/test_sql_writes.py::test_optional_syntax_rejects[INSERT OR REPLACE INTO t(x) VALUES(1);] PASSED [ 75%]
tests/test_sql_writes.py::test_optional_syntax_rejects[INSERT INTO t DEFAULT VALUES;] PASSED [ 75%]
tests/test_sql_writes.py::test_optional_syntax_rejects[INSERT INTO t(x) VALUES(1),(2);] PASSED [ 76%]
tests/test_sql_writes.py::test_optional_syntax_rejects[INSERT INTO t(x) SELECT 1;] PASSED [ 76%]
tests/test_sql_writes.py::test_optional_syntax_rejects[INSERT INTO t(x) VALUES(1) RETURNING x;] PASSED [ 76%]
tests/test_sql_writes.py::test_optional_syntax_rejects[UPDATE t SET x=1;] PASSED [ 77%]
tests/test_sql_writes.py::test_optional_syntax_rejects[UPDATE t SET x=1,y=2 WHERE id=1;] PASSED [ 77%]
tests/test_sql_writes.py::test_optional_syntax_rejects[UPDATE t SET x=1 WHERE id=1 OR id=2;] PASSED [ 77%]
tests/test_sql_writes.py::test_optional_syntax_rejects[UPDATE t SET x=1 WHERE id IS NULL;] PASSED [ 78%]
tests/test_sql_writes.py::test_coercing_writes_are_unsupported[INSERT INTO t(id,x,y,z) VALUES(1,2,3,NULL);] PASSED [ 78%]
tests/test_sql_writes.py::test_coercing_writes_are_unsupported[INSERT INTO t(id,x,y,z) VALUES(1,'ok','123',NULL);] PASSED [ 79%]
tests/test_sql_writes.py::test_coercing_writes_are_unsupported[INSERT INTO t(id,x,y,z) VALUES(1,'ok',3,1);] PASSED [ 79%]
tests/test_sql_writes.py::test_coercing_writes_are_unsupported[INSERT INTO t(id,x) VALUES(1,'ok');] PASSED [ 79%]
tests/test_sql_writes.py::test_coercing_writes_are_unsupported[INSERT INTO t(x,id,y,z) VALUES('ok',1,3,NULL);] PASSED [ 80%]
tests/test_sql_writes.py::test_coercing_writes_are_unsupported[UPDATE t SET x=1 WHERE id=1;] PASSED [ 80%]
tests/test_sql_writes.py::test_coercing_writes_are_unsupported[UPDATE t SET missing=NULL WHERE id=1;] PASSED [ 80%]
tests/test_stage_store.py::test_round_trip_restores_identical_read_only_files PASSED [ 81%]
tests/test_stage_store.py::test_damaged_or_missing_entries_are_misses[missing] PASSED [ 81%]
tests/test_stage_store.py::test_damaged_or_missing_entries_are_misses[changed_file] PASSED [ 81%]
tests/test_stage_store.py::test_damaged_or_missing_entries_are_misses[removed_file] PASSED [ 82%]
tests/test_stage_store.py::test_damaged_or_missing_entries_are_misses[bad_manifest] PASSED [ 82%]
tests/test_stage_store.py::test_keys_change_with_sources_order_and_runtime PASSED [ 82%]
tests/test_stage_store.py::test_configuration_and_approved_eligibility PASSED [ 83%]
tests/test_stage_store.py::test_malformed_manifests_are_misses[empty] PASSED [ 83%]
tests/test_stage_store.py::test_malformed_manifests_are_misses[null] PASSED [ 83%]
tests/test_stage_store.py::test_malformed_manifests_are_misses[list] PASSED [ 84%]
tests/test_stage_store.py::test_malformed_manifests_are_misses[traversal] PASSED [ 84%]
tests/test_stage_store.py::test_malformed_manifests_are_misses[bad_digest] PASSED [ 84%]
tests/test_stage_store.py::test_missing_required_artifact_is_a_miss PASSED [ 85%]
tests/test_stage_store.py::test_unwritable_store_does_not_raise PASSED   [ 85%]
tests/test_stage_store.py::test_runtime_identity_follows_symlinks PASSED [ 86%]
tests/test_test_ownership.py::test_host_collection_retains_source_owned_conformance_checks PASSED [ 86%]
tests/test_test_ownership.py::test_recipe_expansion_retains_full_model_in_release_checks PASSED [ 86%]
tests/test_toolchain_smoke.py::test_lean_version PASSED                  [ 87%]
tests/test_toolchain_smoke.py::test_lake_version PASSED                  [ 87%]
tests/test_toolchain_smoke.py::test_sqlite_351_identity PASSED           [ 87%]
tests/test_toolchain_smoke.py::test_sqlite_346_identity PASSED           [ 88%]
tests/test_translation.py::test_supported_scripts_and_prefix_failures PASSED [ 88%]
tests/test_translation.py::test_unsupported_statement[CREATE TABLE t(x INTEGER PRIMARY KEY);] PASSED [ 88%]
tests/test_translation.py::test_unsupported_statement[CREATE TABLE t(x);] PASSED [ 89%]
tests/test_translation.py::test_unsupported_statement[CREATE TABLE t(x VARCHAR(20));] PASSED [ 89%]
tests/test_translation.py::test_unsupported_statement[CREATE TABLE t(x "TEXT");] PASSED [ 89%]
tests/test_translation.py::test_unsupported_statement[CREATE TABLE t(x TEXT NOT NULL);] PASSED [ 90%]
tests/test_translation.py::test_unsupported_statement[CREATE TABLE t(x TEXT DEFAULT NULL);] PASSED [ 90%]
tests/test_translation.py::test_unsupported_statement[CREATE TABLE t(x TEXT COLLATE NOCASE);] PASSED [ 90%]
tests/test_translation.py::test_unsupported_statement[CREATE TABLE t(x TEXT UNIQUE);] PASSED [ 91%]
tests/test_translation.py::test_unsupported_statement[CREATE TABLE t(x TEXT REFERENCES u);] PASSED [ 91%]
tests/test_translation.py::test_unsupported_statement[CREATE TABLE t(x TEXT CHECK(x));] PASSED [ 91%]
tests/test_translation.py::test_unsupported_statement[CREATE TABLE t(x TEXT, UNIQUE(x));] PASSED [ 92%]
tests/test_translation.py::test_unsupported_statement[CREATE TABLE t(x TEXT) STRICT;] PASSED [ 92%]
tests/test_translation.py::test_unsupported_statement[CREATE TEMP TABLE t(x TEXT);] PASSED [ 93%]
tests/test_translation.py::test_unsupported_statement[CREATE TABLE main.t(x TEXT);] PASSED [ 93%]
tests/test_translation.py::test_unsupported_statement[CREATE TABLE IF NOT EXISTS t(x TEXT);] PASSED [ 93%]
tests/test_translation.py::test_unsupported_statement[CREATE TABLE t AS SELECT 1;] PASSED [ 94%]
tests/test_translation.py::test_unsupported_statement[CREATE TABLE t(rowid TEXT);] PASSED [ 94%]
tests/test_translation.py::test_unsupported_statement[CREATE TABLE sqlite_private(x TEXT);] PASSED [ 94%]
tests/test_translation.py::test_unsupported_statement[CREATE TABLE t(x TEXT, X TEXT);] PASSED [ 95%]
tests/test_translation.py::test_unsupported_statement[ALTER TABLE main.t ADD x TEXT;] PASSED [ 95%]
tests/test_translation.py::test_unsupported_statement[ALTER TABLE t RENAME TO u;] PASSED [ 95%]
tests/test_translation.py::test_unsupported_statement[ALTER TABLE t ADD x TEXT GENERATED AS (1);] PASSED [ 96%]
tests/test_translation.py::test_unsupported_statement[CREATE TABLE t(x TEXT); CREATE VIEW v AS SELECT * FROM t;] PASSED [ 96%]
tests/test_translation.py::test_unsupported_statement[CREATE TABLE t(x TEXT); CREATE INDEX i ON t(x);] PASSED [ 96%]
tests/test_translation.py::test_unsupported_statement[CREATE TABLE t(x TEXT); CREATE TRIGGER tr AFTER INSERT ON t BEGIN SELECT 1; END;] PASSED [ 97%]
tests/test_translation.py::test_unsupported_statement[PRAGMA foreign_keys=ON;] PASSED [ 97%]
tests/test_translation.py::test_unsupported_statement[BEGIN IMMEDIATE; CREATE TABLE t(x TEXT); COMMIT;] PASSED [ 97%]
tests/test_translation.py::test_unsupported_statement[EXPLAIN CREATE TABLE t(x TEXT);] PASSED [ 98%]
tests/test_translation.py::test_unsupported_statement[SELECT 1;] PASSED  [ 98%]
tests/test_translation.py::test_duplicate_and_empty_schema PASSED        [ 98%]
tests/test_translation.py::test_wrong_parser_profile_is_rejected PASSED  [ 99%]
tests/test_translation.py::test_parser_failure_classes[syntax] PASSED    [ 99%]
tests/test_translation.py::test_parser_failure_classes[resource_limit] PASSED [100%]

==================================== ERRORS ====================================
_______________ ERROR at setup of test_changed_transitive_source _______________

tmp_path = PosixPath('/private/tmp/nix-shell.TjaOj6/pytest-of-tzankomatev/pytest-0/test_changed_transitive_source0')
runtime_root = PosixPath('/nix/store/2pm5l48v8lk5v3p1yqbc3hx3jj1w2ylr-sqlite-verifier-conformance')
lean_sysroot = PosixPath('/nix/store/6k56kifz4qzrjxd6g9d4qhb5d8436f23-sqlite-verifier-lean-4.33.0')
lean_library = PosixPath('/nix/store/2pm5l48v8lk5v3p1yqbc3hx3jj1w2ylr-sqlite-verifier-conformance/.lake/build/lib/lean')
proof_checker = PosixPath('/nix/store/2pm5l48v8lk5v3p1yqbc3hx3jj1w2ylr-sqlite-verifier-conformance/.lake/build/bin/migration-proof-checker')
example_factory = <function example_factory.<locals>.copy_example at 0x107e3cb40>
monkeypatch = <_pytest.monkeypatch.MonkeyPatch object at 0x107c9bce0>

    @pytest.fixture
    def baseline_case(tmp_path: Path, runtime_root: Path, lean_sysroot: Path, lean_library: Path,
                      proof_checker: Path, example_factory: Callable[[str], Path],
                      monkeypatch: pytest.MonkeyPatch) -> BaselineFixture:
        """Redirect only runtime location; source parsing, closure discovery and verification remain real."""
        runtime = Runtime(runtime_root, lean_sysroot, lean_library,
                          runtime_root / "build/sqlite-parser", proof_checker)
    
        def locate(cls: type[Runtime], sqlite_version: str = "3.51.0") -> Runtime:
            """Bind the test's exact supported profile to the explicitly selected artifact root."""
            assert sqlite_version == "3.51.0"
            return runtime
    
        monkeypatch.setattr(Runtime, "locate", classmethod(locate))
>       approved = example_factory("approved")
                   ^^^^^^^^^^^^^^^^^^^^^^^^^^^

tests/source_fixtures.py:101: 
_ _ _ _ _ _ _ _ _ _ _ _ _ _ _ _ _ _ _ _ _ _ _ _ _ _ _ _ _ _ _ _ _ _ _ _ _ _ _ _ 
conftest.py:57: in copy_example
    source = (runtime_root / "examples" / name).resolve(strict=True)
             ^^^^^^^^^^^^^^^^^^^^^^^^^^^^^^^^^^^^^^^^^^^^^^^^^^^^^^^
_ _ _ _ _ _ _ _ _ _ _ _ _ _ _ _ _ _ _ _ _ _ _ _ _ _ _ _ _ _ _ _ _ _ _ _ _ _ _ _ 

self = PosixPath('/nix/store/2pm5l48v8lk5v3p1yqbc3hx3jj1w2ylr-sqlite-verifier-conformance/examples/approved')
strict = True

    def resolve(self, strict=False):
        """
        Make the path absolute, resolving all symlinks on the way and also
        normalizing it.
        """
    
>       return self.with_segments(os.path.realpath(self, strict=strict))
                                  ^^^^^^^^^^^^^^^^^^^^^^^^^^^^^^^^^^^^^
E       FileNotFoundError: [Errno 2] No such file or directory: '/nix/store/2pm5l48v8lk5v3p1yqbc3hx3jj1w2ylr-sqlite-verifier-conformance/examples'

/nix/store/7xgkr19ify5wzfj8mafjqhywzvsmgqaq-python3-3.14.7-env/lib/python3.14/pathlib/__init__.py:938: FileNotFoundError
_________________ ERROR at setup of test_added_closure_member __________________

tmp_path = PosixPath('/private/tmp/nix-shell.TjaOj6/pytest-of-tzankomatev/pytest-0/test_added_closure_member0')
runtime_root = PosixPath('/nix/store/2pm5l48v8lk5v3p1yqbc3hx3jj1w2ylr-sqlite-verifier-conformance')
lean_sysroot = PosixPath('/nix/store/6k56kifz4qzrjxd6g9d4qhb5d8436f23-sqlite-verifier-lean-4.33.0')
lean_library = PosixPath('/nix/store/2pm5l48v8lk5v3p1yqbc3hx3jj1w2ylr-sqlite-verifier-conformance/.lake/build/lib/lean')
proof_checker = PosixPath('/nix/store/2pm5l48v8lk5v3p1yqbc3hx3jj1w2ylr-sqlite-verifier-conformance/.lake/build/bin/migration-proof-checker')
example_factory = <function example_factory.<locals>.copy_example at 0x107e600f0>
monkeypatch = <_pytest.monkeypatch.MonkeyPatch object at 0x107e0c9d0>

    @pytest.fixture
    def baseline_case(tmp_path: Path, runtime_root: Path, lean_sysroot: Path, lean_library: Path,
                      proof_checker: Path, example_factory: Callable[[str], Path],
                      monkeypatch: pytest.MonkeyPatch) -> BaselineFixture:
        """Redirect only runtime location; source parsing, closure discovery and verification remain real."""
        runtime = Runtime(runtime_root, lean_sysroot, lean_library,
                          runtime_root / "build/sqlite-parser", proof_checker)
    
        def locate(cls: type[Runtime], sqlite_version: str = "3.51.0") -> Runtime:
            """Bind the test's exact supported profile to the explicitly selected artifact root."""
            assert sqlite_version == "3.51.0"
            return runtime
    
        monkeypatch.setattr(Runtime, "locate", classmethod(locate))
>       approved = example_factory("approved")
                   ^^^^^^^^^^^^^^^^^^^^^^^^^^^

tests/source_fixtures.py:101: 
_ _ _ _ _ _ _ _ _ _ _ _ _ _ _ _ _ _ _ _ _ _ _ _ _ _ _ _ _ _ _ _ _ _ _ _ _ _ _ _ 
conftest.py:57: in copy_example
    source = (runtime_root / "examples" / name).resolve(strict=True)
             ^^^^^^^^^^^^^^^^^^^^^^^^^^^^^^^^^^^^^^^^^^^^^^^^^^^^^^^
_ _ _ _ _ _ _ _ _ _ _ _ _ _ _ _ _ _ _ _ _ _ _ _ _ _ _ _ _ _ _ _ _ _ _ _ _ _ _ _ 

self = PosixPath('/nix/store/2pm5l48v8lk5v3p1yqbc3hx3jj1w2ylr-sqlite-verifier-conformance/examples/approved')
strict = True

    def resolve(self, strict=False):
        """
        Make the path absolute, resolving all symlinks on the way and also
        normalizing it.
        """
    
>       return self.with_segments(os.path.realpath(self, strict=strict))
                                  ^^^^^^^^^^^^^^^^^^^^^^^^^^^^^^^^^^^^^
E       FileNotFoundError: [Errno 2] No such file or directory: '/nix/store/2pm5l48v8lk5v3p1yqbc3hx3jj1w2ylr-sqlite-verifier-conformance/examples'

/nix/store/7xgkr19ify5wzfj8mafjqhywzvsmgqaq-python3-3.14.7-env/lib/python3.14/pathlib/__init__.py:938: FileNotFoundError
________________ ERROR at setup of test_removed_closure_member _________________

tmp_path = PosixPath('/private/tmp/nix-shell.TjaOj6/pytest-of-tzankomatev/pytest-0/test_removed_closure_member0')
runtime_root = PosixPath('/nix/store/2pm5l48v8lk5v3p1yqbc3hx3jj1w2ylr-sqlite-verifier-conformance')
lean_sysroot = PosixPath('/nix/store/6k56kifz4qzrjxd6g9d4qhb5d8436f23-sqlite-verifier-lean-4.33.0')
lean_library = PosixPath('/nix/store/2pm5l48v8lk5v3p1yqbc3hx3jj1w2ylr-sqlite-verifier-conformance/.lake/build/lib/lean')
proof_checker = PosixPath('/nix/store/2pm5l48v8lk5v3p1yqbc3hx3jj1w2ylr-sqlite-verifier-conformance/.lake/build/bin/migration-proof-checker')
example_factory = <function example_factory.<locals>.copy_example at 0x107e605c0>
monkeypatch = <_pytest.monkeypatch.MonkeyPatch object at 0x107dd56d0>

    @pytest.fixture
    def baseline_case(tmp_path: Path, runtime_root: Path, lean_sysroot: Path, lean_library: Path,
                      proof_checker: Path, example_factory: Callable[[str], Path],
                      monkeypatch: pytest.MonkeyPatch) -> BaselineFixture:
        """Redirect only runtime location; source parsing, closure discovery and verification remain real."""
        runtime = Runtime(runtime_root, lean_sysroot, lean_library,
                          runtime_root / "build/sqlite-parser", proof_checker)
    
        def locate(cls: type[Runtime], sqlite_version: str = "3.51.0") -> Runtime:
            """Bind the test's exact supported profile to the explicitly selected artifact root."""
            assert sqlite_version == "3.51.0"
            return runtime
    
        monkeypatch.setattr(Runtime, "locate", classmethod(locate))
>       approved = example_factory("approved")
                   ^^^^^^^^^^^^^^^^^^^^^^^^^^^

tests/source_fixtures.py:101: 
_ _ _ _ _ _ _ _ _ _ _ _ _ _ _ _ _ _ _ _ _ _ _ _ _ _ _ _ _ _ _ _ _ _ _ _ _ _ _ _ 
conftest.py:57: in copy_example
    source = (runtime_root / "examples" / name).resolve(strict=True)
             ^^^^^^^^^^^^^^^^^^^^^^^^^^^^^^^^^^^^^^^^^^^^^^^^^^^^^^^
_ _ _ _ _ _ _ _ _ _ _ _ _ _ _ _ _ _ _ _ _ _ _ _ _ _ _ _ _ _ _ _ _ _ _ _ _ _ _ _ 

self = PosixPath('/nix/store/2pm5l48v8lk5v3p1yqbc3hx3jj1w2ylr-sqlite-verifier-conformance/examples/approved')
strict = True

    def resolve(self, strict=False):
        """
        Make the path absolute, resolving all symlinks on the way and also
        normalizing it.
        """
    
>       return self.with_segments(os.path.realpath(self, strict=strict))
                                  ^^^^^^^^^^^^^^^^^^^^^^^^^^^^^^^^^^^^^
E       FileNotFoundError: [Errno 2] No such file or directory: '/nix/store/2pm5l48v8lk5v3p1yqbc3hx3jj1w2ylr-sqlite-verifier-conformance/examples'

/nix/store/7xgkr19ify5wzfj8mafjqhywzvsmgqaq-python3-3.14.7-env/lib/python3.14/pathlib/__init__.py:938: FileNotFoundError
__________________ ERROR at setup of test_changed_schema_pin ___________________

tmp_path = PosixPath('/private/tmp/nix-shell.TjaOj6/pytest-of-tzankomatev/pytest-0/test_changed_schema_pin0')
runtime_root = PosixPath('/nix/store/2pm5l48v8lk5v3p1yqbc3hx3jj1w2ylr-sqlite-verifier-conformance')
lean_sysroot = PosixPath('/nix/store/6k56kifz4qzrjxd6g9d4qhb5d8436f23-sqlite-verifier-lean-4.33.0')
lean_library = PosixPath('/nix/store/2pm5l48v8lk5v3p1yqbc3hx3jj1w2ylr-sqlite-verifier-conformance/.lake/build/lib/lean')
proof_checker = PosixPath('/nix/store/2pm5l48v8lk5v3p1yqbc3hx3jj1w2ylr-sqlite-verifier-conformance/.lake/build/bin/migration-proof-checker')
example_factory = <function example_factory.<locals>.copy_example at 0x107e609e0>
monkeypatch = <_pytest.monkeypatch.MonkeyPatch object at 0x107da9d00>

    @pytest.fixture
    def baseline_case(tmp_path: Path, runtime_root: Path, lean_sysroot: Path, lean_library: Path,
                      proof_checker: Path, example_factory: Callable[[str], Path],
                      monkeypatch: pytest.MonkeyPatch) -> BaselineFixture:
        """Redirect only runtime location; source parsing, closure discovery and verification remain real."""
        runtime = Runtime(runtime_root, lean_sysroot, lean_library,
                          runtime_root / "build/sqlite-parser", proof_checker)
    
        def locate(cls: type[Runtime], sqlite_version: str = "3.51.0") -> Runtime:
            """Bind the test's exact supported profile to the explicitly selected artifact root."""
            assert sqlite_version == "3.51.0"
            return runtime
    
        monkeypatch.setattr(Runtime, "locate", classmethod(locate))
>       approved = example_factory("approved")
                   ^^^^^^^^^^^^^^^^^^^^^^^^^^^

tests/source_fixtures.py:101: 
_ _ _ _ _ _ _ _ _ _ _ _ _ _ _ _ _ _ _ _ _ _ _ _ _ _ _ _ _ _ _ _ _ _ _ _ _ _ _ _ 
conftest.py:57: in copy_example
    source = (runtime_root / "examples" / name).resolve(strict=True)
             ^^^^^^^^^^^^^^^^^^^^^^^^^^^^^^^^^^^^^^^^^^^^^^^^^^^^^^^
_ _ _ _ _ _ _ _ _ _ _ _ _ _ _ _ _ _ _ _ _ _ _ _ _ _ _ _ _ _ _ _ _ _ _ _ _ _ _ _ 

self = PosixPath('/nix/store/2pm5l48v8lk5v3p1yqbc3hx3jj1w2ylr-sqlite-verifier-conformance/examples/approved')
strict = True

    def resolve(self, strict=False):
        """
        Make the path absolute, resolving all symlinks on the way and also
        normalizing it.
        """
    
>       return self.with_segments(os.path.realpath(self, strict=strict))
                                  ^^^^^^^^^^^^^^^^^^^^^^^^^^^^^^^^^^^^^
E       FileNotFoundError: [Errno 2] No such file or directory: '/nix/store/2pm5l48v8lk5v3p1yqbc3hx3jj1w2ylr-sqlite-verifier-conformance/examples'

/nix/store/7xgkr19ify5wzfj8mafjqhywzvsmgqaq-python3-3.14.7-env/lib/python3.14/pathlib/__init__.py:938: FileNotFoundError
_________________ ERROR at setup of test_malformed_schema_pin __________________

tmp_path = PosixPath('/private/tmp/nix-shell.TjaOj6/pytest-of-tzankomatev/pytest-0/test_malformed_schema_pin0')
runtime_root = PosixPath('/nix/store/2pm5l48v8lk5v3p1yqbc3hx3jj1w2ylr-sqlite-verifier-conformance')
lean_sysroot = PosixPath('/nix/store/6k56kifz4qzrjxd6g9d4qhb5d8436f23-sqlite-verifier-lean-4.33.0')
lean_library = PosixPath('/nix/store/2pm5l48v8lk5v3p1yqbc3hx3jj1w2ylr-sqlite-verifier-conformance/.lake/build/lib/lean')
proof_checker = PosixPath('/nix/store/2pm5l48v8lk5v3p1yqbc3hx3jj1w2ylr-sqlite-verifier-conformance/.lake/build/bin/migration-proof-checker')
example_factory = <function example_factory.<locals>.copy_example at 0x107e60e00>
monkeypatch = <_pytest.monkeypatch.MonkeyPatch object at 0x107daa250>

    @pytest.fixture
    def baseline_case(tmp_path: Path, runtime_root: Path, lean_sysroot: Path, lean_library: Path,
                      proof_checker: Path, example_factory: Callable[[str], Path],
                      monkeypatch: pytest.MonkeyPatch) -> BaselineFixture:
        """Redirect only runtime location; source parsing, closure discovery and verification remain real."""
        runtime = Runtime(runtime_root, lean_sysroot, lean_library,
                          runtime_root / "build/sqlite-parser", proof_checker)
    
        def locate(cls: type[Runtime], sqlite_version: str = "3.51.0") -> Runtime:
            """Bind the test's exact supported profile to the explicitly selected artifact root."""
            assert sqlite_version == "3.51.0"
            return runtime
    
        monkeypatch.setattr(Runtime, "locate", classmethod(locate))
>       approved = example_factory("approved")
                   ^^^^^^^^^^^^^^^^^^^^^^^^^^^

tests/source_fixtures.py:101: 
_ _ _ _ _ _ _ _ _ _ _ _ _ _ _ _ _ _ _ _ _ _ _ _ _ _ _ _ _ _ _ _ _ _ _ _ _ _ _ _ 
conftest.py:57: in copy_example
    source = (runtime_root / "examples" / name).resolve(strict=True)
             ^^^^^^^^^^^^^^^^^^^^^^^^^^^^^^^^^^^^^^^^^^^^^^^^^^^^^^^
_ _ _ _ _ _ _ _ _ _ _ _ _ _ _ _ _ _ _ _ _ _ _ _ _ _ _ _ _ _ _ _ _ _ _ _ _ _ _ _ 

self = PosixPath('/nix/store/2pm5l48v8lk5v3p1yqbc3hx3jj1w2ylr-sqlite-verifier-conformance/examples/approved')
strict = True

    def resolve(self, strict=False):
        """
        Make the path absolute, resolving all symlinks on the way and also
        normalizing it.
        """
    
>       return self.with_segments(os.path.realpath(self, strict=strict))
                                  ^^^^^^^^^^^^^^^^^^^^^^^^^^^^^^^^^^^^^
E       FileNotFoundError: [Errno 2] No such file or directory: '/nix/store/2pm5l48v8lk5v3p1yqbc3hx3jj1w2ylr-sqlite-verifier-conformance/examples'

/nix/store/7xgkr19ify5wzfj8mafjqhywzvsmgqaq-python3-3.14.7-env/lib/python3.14/pathlib/__init__.py:938: FileNotFoundError
_____________ ERROR at setup of test_missing_dependency_precedence _____________

tmp_path = PosixPath('/private/tmp/nix-shell.TjaOj6/pytest-of-tzankomatev/pytest-0/test_missing_dependency_preced0')
runtime_root = PosixPath('/nix/store/2pm5l48v8lk5v3p1yqbc3hx3jj1w2ylr-sqlite-verifier-conformance')
lean_sysroot = PosixPath('/nix/store/6k56kifz4qzrjxd6g9d4qhb5d8436f23-sqlite-verifier-lean-4.33.0')
lean_library = PosixPath('/nix/store/2pm5l48v8lk5v3p1yqbc3hx3jj1w2ylr-sqlite-verifier-conformance/.lake/build/lib/lean')
proof_checker = PosixPath('/nix/store/2pm5l48v8lk5v3p1yqbc3hx3jj1w2ylr-sqlite-verifier-conformance/.lake/build/bin/migration-proof-checker')
example_factory = <function example_factory.<locals>.copy_example at 0x107e61430>
monkeypatch = <_pytest.monkeypatch.MonkeyPatch object at 0x107eb5450>

    @pytest.fixture
    def baseline_case(tmp_path: Path, runtime_root: Path, lean_sysroot: Path, lean_library: Path,
                      proof_checker: Path, example_factory: Callable[[str], Path],
                      monkeypatch: pytest.MonkeyPatch) -> BaselineFixture:
        """Redirect only runtime location; source parsing, closure discovery and verification remain real."""
        runtime = Runtime(runtime_root, lean_sysroot, lean_library,
                          runtime_root / "build/sqlite-parser", proof_checker)
    
        def locate(cls: type[Runtime], sqlite_version: str = "3.51.0") -> Runtime:
            """Bind the test's exact supported profile to the explicitly selected artifact root."""
            assert sqlite_version == "3.51.0"
            return runtime
    
        monkeypatch.setattr(Runtime, "locate", classmethod(locate))
>       approved = example_factory("approved")
                   ^^^^^^^^^^^^^^^^^^^^^^^^^^^

tests/source_fixtures.py:101: 
_ _ _ _ _ _ _ _ _ _ _ _ _ _ _ _ _ _ _ _ _ _ _ _ _ _ _ _ _ _ _ _ _ _ _ _ _ _ _ _ 
conftest.py:57: in copy_example
    source = (runtime_root / "examples" / name).resolve(strict=True)
             ^^^^^^^^^^^^^^^^^^^^^^^^^^^^^^^^^^^^^^^^^^^^^^^^^^^^^^^
_ _ _ _ _ _ _ _ _ _ _ _ _ _ _ _ _ _ _ _ _ _ _ _ _ _ _ _ _ _ _ _ _ _ _ _ _ _ _ _ 

self = PosixPath('/nix/store/2pm5l48v8lk5v3p1yqbc3hx3jj1w2ylr-sqlite-verifier-conformance/examples/approved')
strict = True

    def resolve(self, strict=False):
        """
        Make the path absolute, resolving all symlinks on the way and also
        normalizing it.
        """
    
>       return self.with_segments(os.path.realpath(self, strict=strict))
                                  ^^^^^^^^^^^^^^^^^^^^^^^^^^^^^^^^^^^^^
E       FileNotFoundError: [Errno 2] No such file or directory: '/nix/store/2pm5l48v8lk5v3p1yqbc3hx3jj1w2ylr-sqlite-verifier-conformance/examples'

/nix/store/7xgkr19ify5wzfj8mafjqhywzvsmgqaq-python3-3.14.7-env/lib/python3.14/pathlib/__init__.py:938: FileNotFoundError
________ ERROR at setup of test_optional_schema_pin_and_sealed_snapshot ________

tmp_path = PosixPath('/private/tmp/nix-shell.TjaOj6/pytest-of-tzankomatev/pytest-0/test_optional_schema_pin_and_s0')
runtime_root = PosixPath('/nix/store/2pm5l48v8lk5v3p1yqbc3hx3jj1w2ylr-sqlite-verifier-conformance')
lean_sysroot = PosixPath('/nix/store/6k56kifz4qzrjxd6g9d4qhb5d8436f23-sqlite-verifier-lean-4.33.0')
lean_library = PosixPath('/nix/store/2pm5l48v8lk5v3p1yqbc3hx3jj1w2ylr-sqlite-verifier-conformance/.lake/build/lib/lean')
proof_checker = PosixPath('/nix/store/2pm5l48v8lk5v3p1yqbc3hx3jj1w2ylr-sqlite-verifier-conformance/.lake/build/bin/migration-proof-checker')
example_factory = <function example_factory.<locals>.copy_example at 0x107e61b10>
monkeypatch = <_pytest.monkeypatch.MonkeyPatch object at 0x107eb6050>

    @pytest.fixture
    def baseline_case(tmp_path: Path, runtime_root: Path, lean_sysroot: Path, lean_library: Path,
                      proof_checker: Path, example_factory: Callable[[str], Path],
                      monkeypatch: pytest.MonkeyPatch) -> BaselineFixture:
        """Redirect only runtime location; source parsing, closure discovery and verification remain real."""
        runtime = Runtime(runtime_root, lean_sysroot, lean_library,
                          runtime_root / "build/sqlite-parser", proof_checker)
    
        def locate(cls: type[Runtime], sqlite_version: str = "3.51.0") -> Runtime:
            """Bind the test's exact supported profile to the explicitly selected artifact root."""
            assert sqlite_version == "3.51.0"
            return runtime
    
        monkeypatch.setattr(Runtime, "locate", classmethod(locate))
>       approved = example_factory("approved")
                   ^^^^^^^^^^^^^^^^^^^^^^^^^^^

tests/source_fixtures.py:101: 
_ _ _ _ _ _ _ _ _ _ _ _ _ _ _ _ _ _ _ _ _ _ _ _ _ _ _ _ _ _ _ _ _ _ _ _ _ _ _ _ 
conftest.py:57: in copy_example
    source = (runtime_root / "examples" / name).resolve(strict=True)
             ^^^^^^^^^^^^^^^^^^^^^^^^^^^^^^^^^^^^^^^^^^^^^^^^^^^^^^^
_ _ _ _ _ _ _ _ _ _ _ _ _ _ _ _ _ _ _ _ _ _ _ _ _ _ _ _ _ _ _ _ _ _ _ _ _ _ _ _ 

self = PosixPath('/nix/store/2pm5l48v8lk5v3p1yqbc3hx3jj1w2ylr-sqlite-verifier-conformance/examples/approved')
strict = True

    def resolve(self, strict=False):
        """
        Make the path absolute, resolving all symlinks on the way and also
        normalizing it.
        """
    
>       return self.with_segments(os.path.realpath(self, strict=strict))
                                  ^^^^^^^^^^^^^^^^^^^^^^^^^^^^^^^^^^^^^
E       FileNotFoundError: [Errno 2] No such file or directory: '/nix/store/2pm5l48v8lk5v3p1yqbc3hx3jj1w2ylr-sqlite-verifier-conformance/examples'

/nix/store/7xgkr19ify5wzfj8mafjqhywzvsmgqaq-python3-3.14.7-env/lib/python3.14/pathlib/__init__.py:938: FileNotFoundError
=================================== FAILURES ===================================
_____________ test_timeout_kills_process_group_and_retains_output ______________

tmp_path = PosixPath('/private/tmp/nix-shell.TjaOj6/pytest-of-tzankomatev/pytest-0/test_timeout_kills_process_gro0')

    def test_timeout_kills_process_group_and_retains_output(tmp_path: Path) -> None:
        """A timed-out command's group, including a grandchild, is killed and partial output is kept."""
        program = ("import subprocess,sys\nfrom pathlib import Path\n"
                   "child=subprocess.Popen([sys.executable,'-c','import time; time.sleep(60)'])\n"
                   "Path('child.pid').write_text(str(child.pid))\n"
                   "print('partial stdout',flush=True)\nprint('partial stderr',file=sys.stderr,flush=True)\n"
                   "child.wait()\n")
        with pytest.raises(CommandTimeout) as failure:
            run_command([sys.executable, "-c", program], cwd=tmp_path, timeout=1, artifacts=tmp_path / "evidence")
        result = failure.value.result
        assert result.timed_out and result.returncode != 0 and result.elapsed < 10
        assert "partial stdout" in result.stdout and "partial stderr" in result.stderr
        assert (tmp_path / "evidence/command-0000.json").is_file()
        pid = int((tmp_path / "child.pid").read_text())
        # The killed grandchild is reparented; it may briefly remain a zombie until init reaps it.
        for _ in range(100):
>           state = run_command(["/bin/ps", "-o", "stat=", "-p", str(pid)], cwd=tmp_path, timeout=2).stdout.strip()
                    ^^^^^^^^^^^^^^^^^^^^^^^^^^^^^^^^^^^^^^^^^^^^^^^^^^^^^^^^^^^^^^^^^^^^^^^^^^^^^^^^

tests/test_pytest_harness.py:140: 
_ _ _ _ _ _ _ _ _ _ _ _ _ _ _ _ _ _ _ _ _ _ _ _ _ _ _ _ _ _ _ _ _ _ _ _ _ _ _ _ 
tests/runtime_support.py:72: in run_command
    with subprocess.Popen(command, cwd=cwd, env=environment, stdin=subprocess.DEVNULL,
/nix/store/7xgkr19ify5wzfj8mafjqhywzvsmgqaq-python3-3.14.7-env/lib/python3.14/subprocess.py:1039: in __init__
    self._execute_child(args, executable, preexec_fn, close_fds,
_ _ _ _ _ _ _ _ _ _ _ _ _ _ _ _ _ _ _ _ _ _ _ _ _ _ _ _ _ _ _ _ _ _ _ _ _ _ _ _ 

self = <Popen: returncode: 255 args: ('/bin/ps', '-o', 'stat=', '-p', '97899')>
args = ['/bin/ps', '-o', 'stat=', '-p', '97899'], executable = b'/bin/ps'
preexec_fn = None, close_fds = True, pass_fds = ()
cwd = PosixPath('/private/tmp/nix-shell.TjaOj6/pytest-of-tzankomatev/pytest-0/test_timeout_kills_process_gro0')
env = None, startupinfo = None, creationflags = 0, shell = False, p2cread = 11
p2cwrite = -1, c2pread = 12, c2pwrite = 13, errread = 14, errwrite = 15
restore_signals = True, gid = None, gids = None, uid = None, umask = -1
start_new_session = True, process_group = -1

    def _execute_child(self, args, executable, preexec_fn, close_fds,
                       pass_fds, cwd, env,
                       startupinfo, creationflags, shell,
                       p2cread, p2cwrite,
                       c2pread, c2pwrite,
                       errread, errwrite,
                       restore_signals,
                       gid, gids, uid, umask,
                       start_new_session, process_group):
        """Execute program (POSIX version)"""
    
        if isinstance(args, (str, bytes)):
            args = [args]
        elif isinstance(args, os.PathLike):
            if shell:
                raise TypeError('path-like args is not allowed when '
                                'shell is true')
            args = [args]
        else:
            args = list(args)
    
        if shell:
            # On Android the default shell is at '/system/bin/sh'.
            unix_shell = ('/system/bin/sh' if
                      hasattr(sys, 'getandroidapilevel') else '/nix/store/lb6nd0iyy9x0bm7yfx2fkw0wbjllg4ic-bash-5.3p15/bin/sh')
            args = [unix_shell, "-c"] + args
            if executable:
                args[0] = executable
    
        if executable is None:
            executable = args[0]
    
        sys.audit("subprocess.Popen", executable, args, cwd, env)
    
        if (_USE_POSIX_SPAWN
                and os.path.dirname(executable)
                and preexec_fn is None
                and (not close_fds or _HAVE_POSIX_SPAWN_CLOSEFROM)
                and not pass_fds
                and cwd is None
                and (p2cread == -1 or p2cread > 2)
                and (c2pwrite == -1 or c2pwrite > 2)
                and (errwrite == -1 or errwrite > 2)
                and not start_new_session
                and process_group == -1
                and gid is None
                and gids is None
                and uid is None
                and umask < 0):
            self._posix_spawn(args, executable, env, restore_signals, close_fds,
                              p2cread, p2cwrite,
                              c2pread, c2pwrite,
                              errread, errwrite)
            return
    
        orig_executable = executable
    
        # For transferring possible exec failure from child to parent.
        # Data format: "exception name:hex errno:description"
        # Pickle is not used; it is complex and involves memory allocation.
        errpipe_read, errpipe_write = os.pipe()
        # errpipe_write must not be in the standard io 0, 1, or 2 fd range.
        low_fds_to_close = []
        while errpipe_write < 3:
            low_fds_to_close.append(errpipe_write)
            errpipe_write = os.dup(errpipe_write)
        for low_fd in low_fds_to_close:
            os.close(low_fd)
        try:
            try:
                # We must avoid complex work that could involve
                # malloc or free in the child process to avoid
                # potential deadlocks, thus we do all this here.
                # and pass it to fork_exec()
    
                if env is not None:
                    env_list = []
                    for k, v in env.items():
                        k = os.fsencode(k)
                        if b'=' in k:
                            raise ValueError("illegal environment variable name")
                        env_list.append(k + b'=' + os.fsencode(v))
                else:
                    env_list = None  # Use execv instead of execve.
                executable = os.fsencode(executable)
                if os.path.dirname(executable):
                    executable_list = (executable,)
                else:
                    # This matches the behavior of os._execvpe().
                    executable_list = tuple(
                        os.path.join(os.fsencode(dir), executable)
                        for dir in os.get_exec_path(env))
                fds_to_keep = set(pass_fds)
                fds_to_keep.add(errpipe_write)
                self.pid = _fork_exec(
                        args, executable_list,
                        close_fds, tuple(sorted(map(int, fds_to_keep))),
                        cwd, env_list,
                        p2cread, p2cwrite, c2pread, c2pwrite,
                        errread, errwrite,
                        errpipe_read, errpipe_write,
                        restore_signals, start_new_session,
                        process_group, gid, gids, uid, umask,
                        preexec_fn)
                self._child_created = True
            finally:
                # be sure the FD is closed no matter what
                os.close(errpipe_write)
    
            self._close_pipe_fds(p2cread, p2cwrite,
                                 c2pread, c2pwrite,
                                 errread, errwrite)
    
            # Wait for exec to fail or succeed; possibly raising an
            # exception (limited in size)
            errpipe_data = bytearray()
            while True:
                part = os.read(errpipe_read, 50000)
                errpipe_data += part
                if not part or len(errpipe_data) > 50000:
                    break
        finally:
            # be sure the FD is closed no matter what
            os.close(errpipe_read)
    
        if errpipe_data:
            try:
                pid, sts = os.waitpid(self.pid, 0)
                if pid == self.pid:
                    self._handle_exitstatus(sts)
                else:
                    self.returncode = sys.maxsize
            except ChildProcessError:
                pass
    
            try:
                exception_name, hex_errno, err_msg = (
                        errpipe_data.split(b':', 2))
                # The encoding here should match the encoding
                # written in by the subprocess implementations
                # like _posixsubprocess
                err_msg = err_msg.decode()
            except ValueError:
                exception_name = b'SubprocessError'
                hex_errno = b'0'
                err_msg = 'Bad exception data from child: {!r}'.format(
                              bytes(errpipe_data))
            child_exception_type = getattr(
                    builtins, exception_name.decode('ascii'),
                    SubprocessError)
            if issubclass(child_exception_type, OSError) and hex_errno:
                errno_num = int(hex_errno, 16)
                if err_msg == "noexec:chdir":
                    err_msg = ""
                    # The error must be from chdir(cwd).
                    err_filename = cwd
                elif err_msg == "noexec":
                    err_msg = ""
                    err_filename = None
                else:
                    err_filename = orig_executable
                if errno_num != 0:
                    err_msg = os.strerror(errno_num)
                if err_filename is not None:
>                   raise child_exception_type(errno_num, err_msg, err_filename)
E                   PermissionError: [Errno 1] Operation not permitted: '/bin/ps'

/nix/store/7xgkr19ify5wzfj8mafjqhywzvsmgqaq-python3-3.14.7-env/lib/python3.14/subprocess.py:1990: PermissionError
- generated xml file: /Users/tzankomatev/work/sqlite-verifier-adr5/build/test-results/source-final-v5.xml -
=========================== short test summary info ============================
ERROR tests/early_baseline_test.py::test_changed_transitive_source - FileNotF...
ERROR tests/early_baseline_test.py::test_added_closure_member - FileNotFoundE...
ERROR tests/early_baseline_test.py::test_removed_closure_member - FileNotFoun...
ERROR tests/early_baseline_test.py::test_changed_schema_pin - FileNotFoundErr...
ERROR tests/early_baseline_test.py::test_malformed_schema_pin - FileNotFoundE...
ERROR tests/early_baseline_test.py::test_missing_dependency_precedence - File...
ERROR tests/early_baseline_test.py::test_optional_schema_pin_and_sealed_snapshot
FAILED tests/test_pytest_harness.py::test_timeout_kills_process_group_and_retains_output
= 1 failed, 278 passed, 68 deselected, 7 errors, 28 subtests passed in 30.96s ==
