============================= test session starts ==============================
platform darwin -- Python 3.14.7, pytest-9.1.1, pluggy-1.6.0 -- /nix/store/7xgkr19ify5wzfj8mafjqhywzvsmgqaq-python3-3.14.7-env/bin/python3
cachedir: .pytest_cache
hypothesis profile 'default'
rootdir: /Users/tzankomatev/work/sqlite-verifier-adr5
configfile: pytest.ini
plugins: hypothesis-6.156.1
collecting ... collected 354 items / 68 deselected / 286 selected

tests/compilation_test.py::test_sealed_source_compilation PASSED         [  0%]
tests/compilation_test.py::test_changed_supplied_schema PASSED           [  0%]
tests/compilation_test.py::test_selected_generated_role PASSED           [  1%]
tests/compilation_test.py::test_rejected_source_graph[NextInterpretation] PASSED [  1%]
tests/compilation_test.py::test_rejected_source_graph[proofs] PASSED     [  1%]
tests/compilation_test.py::test_rejected_source_graph[SqlInputs] PASSED  [  2%]
tests/compilation_test.py::test_rejected_source_graph[Generated] PASSED  [  2%]
tests/compilation_test.py::test_rejected_source_graph[schemainputs] PASSED [  2%]
tests/compilation_test.py::test_rejected_source_graph[SchemaInputs.Evil] PASSED [  3%]
tests/compilation_test.py::test_rejected_source_graph[HiddenCandidate] PASSED [  3%]
tests/compilation_test.py::test_rejected_source_graph[CandidateOnly] PASSED [  3%]
tests/compilation_test.py::test_rejected_source_graph[Cycle] PASSED      [  4%]
tests/compilation_test.py::test_rejected_source_graph[Conflict] PASSED   [  4%]
tests/compilation_test.py::test_compiler_output_symlink PASSED           [  4%]
tests/compilation_test.py::test_artifact_alias[parent_symlink] PASSED    [  5%]
tests/compilation_test.py::test_artifact_alias[hardlink] PASSED          [  5%]
tests/compilation_test.py::test_quoted_module_path PASSED                [  5%]
tests/conformance_axioms_test.py::test_forbidden_axiom[sorryAx] PASSED   [  6%]
tests/conformance_axioms_test.py::test_forbidden_axiom[Lean.ofReduceBool] PASSED [  6%]
tests/conformance_axioms_test.py::test_forbidden_axiom[checkedCase._native.1] PASSED [  6%]
tests/conformance_axioms_test.py::test_logical_axioms PASSED             [  7%]
tests/conformance_native_test.py::test_upstream_pin_and_import_fidelity PASSED [  7%]
tests/conformance_native_test.py::test_upstream_case[alter3-3.1-1] PASSED [  8%]
tests/conformance_native_test.py::test_upstream_case[alter3-3.1-2] PASSED [  8%]
tests/conformance_native_test.py::test_upstream_case[alter3-3.2-1] PASSED [  8%]
tests/conformance_native_test.py::test_final_native_observations PASSED  [  9%]
tests/coverage_evidence_test.py::test_grammar_inventory[3.51.0] PASSED   [  9%]
tests/coverage_evidence_test.py::test_grammar_inventory[3.46.0] PASSED   [  9%]
tests/coverage_evidence_test.py::test_named_proofs PASSED                [ 10%]
tests/coverage_evidence_test.py::test_axiom_audit_rejects_missing_and_untrusted PASSED [ 10%]
tests/docs_test.py::test_broken_links_detects_missing_local_files PASSED [ 10%]
tests/docs_test.py::test_local_markdown_links PASSED                     [ 11%]
tests/early_baseline_test.py::test_changed_transitive_source PASSED      [ 11%]
tests/early_baseline_test.py::test_added_closure_member PASSED           [ 11%]
tests/early_baseline_test.py::test_removed_closure_member PASSED         [ 12%]
tests/early_baseline_test.py::test_changed_schema_pin PASSED             [ 12%]
tests/early_baseline_test.py::test_malformed_schema_pin PASSED           [ 12%]
tests/early_baseline_test.py::test_missing_dependency_precedence PASSED  [ 13%]
tests/early_baseline_test.py::test_optional_schema_pin_and_sealed_snapshot PASSED [ 13%]
tests/parser_build_test.py::test_generator_preserves_rules_and_rejects_mismatched_tokens PASSED [ 13%]
tests/parser_test.py::test_valid_grammar[3.51.0-empty] PASSED            [ 14%]
tests/parser_test.py::test_valid_grammar[3.51.0-line_comment] PASSED     [ 14%]
tests/parser_test.py::test_valid_grammar[3.51.0-comment_semicolons] PASSED [ 15%]
tests/parser_test.py::test_valid_grammar[3.51.0-create_add] PASSED       [ 15%]
tests/parser_test.py::test_valid_grammar[3.51.0-quoted_names] PASSED     [ 15%]
tests/parser_test.py::test_valid_grammar[3.51.0-trigger_semicolons] PASSED [ 16%]
tests/parser_test.py::test_valid_grammar[3.51.0-literal_tokens] PASSED   [ 16%]
tests/parser_test.py::test_valid_grammar[3.51.0-contextual_keywords] PASSED [ 16%]
tests/parser_test.py::test_valid_grammar[3.51.0-window_filter] PASSED    [ 17%]
tests/parser_test.py::test_valid_grammar[3.51.0-named_window] PASSED     [ 17%]
tests/parser_test.py::test_valid_grammar[3.51.0-recursive_cte] PASSED    [ 17%]
tests/parser_test.py::test_valid_grammar[3.51.0-upsert_returning] PASSED [ 18%]
tests/parser_test.py::test_valid_grammar[3.51.0-virtual_table] PASSED    [ 18%]
tests/parser_test.py::test_valid_grammar[3.51.0-strict_generated] PASSED [ 18%]
tests/parser_test.py::test_valid_grammar[3.51.0-expression_index] PASSED [ 19%]
tests/parser_test.py::test_valid_grammar[3.51.0-attach_pragma_vacuum] PASSED [ 19%]
tests/parser_test.py::test_valid_grammar[3.51.0-transaction_savepoint] PASSED [ 19%]
tests/parser_test.py::test_valid_grammar[3.51.0-explain_delete] PASSED   [ 20%]
tests/parser_test.py::test_valid_grammar[3.51.0-update_analyze_reindex] PASSED [ 20%]
tests/parser_test.py::test_valid_grammar[3.51.0-unicode_bom] PASSED      [ 20%]
tests/parser_test.py::test_valid_grammar[3.46.0-empty] PASSED            [ 21%]
tests/parser_test.py::test_valid_grammar[3.46.0-line_comment] PASSED     [ 21%]
tests/parser_test.py::test_valid_grammar[3.46.0-comment_semicolons] PASSED [ 22%]
tests/parser_test.py::test_valid_grammar[3.46.0-create_add] PASSED       [ 22%]
tests/parser_test.py::test_valid_grammar[3.46.0-quoted_names] PASSED     [ 22%]
tests/parser_test.py::test_valid_grammar[3.46.0-trigger_semicolons] PASSED [ 23%]
tests/parser_test.py::test_valid_grammar[3.46.0-literal_tokens] PASSED   [ 23%]
tests/parser_test.py::test_valid_grammar[3.46.0-contextual_keywords] PASSED [ 23%]
tests/parser_test.py::test_valid_grammar[3.46.0-window_filter] PASSED    [ 24%]
tests/parser_test.py::test_valid_grammar[3.46.0-named_window] PASSED     [ 24%]
tests/parser_test.py::test_valid_grammar[3.46.0-recursive_cte] PASSED    [ 24%]
tests/parser_test.py::test_valid_grammar[3.46.0-upsert_returning] PASSED [ 25%]
tests/parser_test.py::test_valid_grammar[3.46.0-virtual_table] PASSED    [ 25%]
tests/parser_test.py::test_valid_grammar[3.46.0-strict_generated] PASSED [ 25%]
tests/parser_test.py::test_valid_grammar[3.46.0-expression_index] PASSED [ 26%]
tests/parser_test.py::test_valid_grammar[3.46.0-attach_pragma_vacuum] PASSED [ 26%]
tests/parser_test.py::test_valid_grammar[3.46.0-transaction_savepoint] PASSED [ 26%]
tests/parser_test.py::test_valid_grammar[3.46.0-explain_delete] PASSED   [ 27%]
tests/parser_test.py::test_valid_grammar[3.46.0-update_analyze_reindex] PASSED [ 27%]
tests/parser_test.py::test_valid_grammar[3.46.0-unicode_bom] PASSED      [ 27%]
tests/parser_test.py::test_invalid_grammar[3.51.0-incomplete_select] PASSED [ 28%]
tests/parser_test.py::test_invalid_grammar[3.51.0-incomplete_create] PASSED [ 28%]
tests/parser_test.py::test_invalid_grammar[3.51.0-unterminated_string] PASSED [ 29%]
tests/parser_test.py::test_invalid_grammar[3.51.0-odd_blob] PASSED       [ 29%]
tests/parser_test.py::test_invalid_grammar[3.51.0-trailing_nonsense] PASSED [ 29%]
tests/parser_test.py::test_invalid_grammar[3.51.0-embedded_nul] PASSED   [ 30%]
tests/parser_test.py::test_invalid_grammar[3.51.0-invalid_utf8] PASSED   [ 30%]
tests/parser_test.py::test_invalid_grammar[3.51.0-incomplete_trigger] PASSED [ 30%]
tests/parser_test.py::test_invalid_grammar[3.51.0-update_limit] PASSED   [ 31%]
tests/parser_test.py::test_invalid_grammar[3.51.0-invalid_variable] PASSED [ 31%]
tests/parser_test.py::test_invalid_grammar[3.51.0-utf8_surrogate] PASSED [ 31%]
tests/parser_test.py::test_invalid_grammar[3.51.0-double_separator] PASSED [ 32%]
tests/parser_test.py::test_invalid_grammar[3.51.0-trailing_separator] PASSED [ 32%]
tests/parser_test.py::test_invalid_grammar[3.51.0-hex_double_separator] PASSED [ 32%]
tests/parser_test.py::test_invalid_grammar[3.51.0-separator_before_decimal] PASSED [ 33%]
tests/parser_test.py::test_invalid_grammar[3.46.0-incomplete_select] PASSED [ 33%]
tests/parser_test.py::test_invalid_grammar[3.46.0-incomplete_create] PASSED [ 33%]
tests/parser_test.py::test_invalid_grammar[3.46.0-unterminated_string] PASSED [ 34%]
tests/parser_test.py::test_invalid_grammar[3.46.0-odd_blob] PASSED       [ 34%]
tests/parser_test.py::test_invalid_grammar[3.46.0-trailing_nonsense] PASSED [ 34%]
tests/parser_test.py::test_invalid_grammar[3.46.0-embedded_nul] PASSED   [ 35%]
tests/parser_test.py::test_invalid_grammar[3.46.0-invalid_utf8] PASSED   [ 35%]
tests/parser_test.py::test_invalid_grammar[3.46.0-incomplete_trigger] PASSED [ 36%]
tests/parser_test.py::test_invalid_grammar[3.46.0-update_limit] PASSED   [ 36%]
tests/parser_test.py::test_invalid_grammar[3.46.0-invalid_variable] PASSED [ 36%]
tests/parser_test.py::test_invalid_grammar[3.46.0-utf8_surrogate] PASSED [ 37%]
tests/parser_test.py::test_invalid_grammar[3.46.0-double_separator] PASSED [ 37%]
tests/parser_test.py::test_invalid_grammar[3.46.0-trailing_separator] PASSED [ 37%]
tests/parser_test.py::test_invalid_grammar[3.46.0-hex_double_separator] PASSED [ 38%]
tests/parser_test.py::test_invalid_grammar[3.46.0-separator_before_decimal] PASSED [ 38%]
tests/parser_test.py::test_resource_limit[3.51.0] PASSED                 [ 38%]
tests/parser_test.py::test_resource_limit[3.46.0] PASSED                 [ 39%]
tests/parser_test.py::test_deterministic_unicode_spans[3.51.0] PASSED    [ 39%]
tests/parser_test.py::test_deterministic_unicode_spans[3.46.0] PASSED    [ 39%]
tests/parser_test.py::test_raise_expression_version_boundary[3.51.0] PASSED [ 40%]
tests/parser_test.py::test_raise_expression_version_boundary[3.46.0] PASSED [ 40%]
tests/schema_generation_test.py::test_profile_emission_equivalence PASSED [ 40%]
tests/schema_generation_test.py::test_rich_schema_kernel_properties PASSED [ 41%]
tests/schema_generation_test.py::test_literal_write_kernel_properties PASSED [ 41%]
tests/test_baseline_ci.py::test_source_and_manifest_drift PASSED         [ 41%]
tests/test_ci_checks.py::test_ci_modes_retain_fresh_checks[aarch64-darwin-source] PASSED [ 42%]
tests/test_ci_checks.py::test_ci_modes_retain_fresh_checks[aarch64-darwin-build] PASSED [ 42%]
tests/test_ci_checks.py::test_ci_modes_retain_fresh_checks[x86_64-linux-source] PASSED [ 43%]
tests/test_ci_checks.py::test_ci_modes_retain_fresh_checks[x86_64-linux-build] PASSED [ 43%]
tests/test_ci_checks.py::test_ci_failure_retains_phase_status PASSED     [ 43%]
tests/test_ci_checks.py::test_ci_timeout_retains_group_runner_diagnostics PASSED [ 44%]
tests/test_ci_scope.py::CiScopeTest::test_change_scopes 
tests/test_ci_scope.py::CiScopeTest::test_change_scopes PASSED           [ 44%]
tests/test_ci_scope.py::CiScopeTest::test_real_diff_preserves_removed_runtime_paths PASSED [ 44%]
tests/test_ci_scope.py::CiScopeTest::test_release_and_manual_runs_package PASSED [ 45%]
tests/test_cli_inputs.py::test_profile_diagnostics[missing] PASSED       [ 45%]
tests/test_cli_inputs.py::test_profile_diagnostics[malformed] PASSED     [ 45%]
tests/test_cli_inputs.py::test_profile_diagnostics[unsupported] PASSED   [ 46%]
tests/test_module_keys.py::test_proof_edit_changes_only_proofs PASSED    [ 46%]
tests/test_module_keys.py::test_sql_edit_skips_modules_without_sql_inputs PASSED [ 46%]
tests/test_module_keys.py::test_contract_or_schema_edit_invalidates_every_importer PASSED [ 47%]
tests/test_module_keys.py::test_intermediate_edit_propagates_to_importers PASSED [ 47%]
tests/test_module_keys.py::test_runtime_identity_changes_every_key PASSED [ 47%]
tests/test_process.py::test_output_limit PASSED                          [ 48%]
tests/test_process.py::test_timeout PASSED                               [ 48%]
tests/test_process.py::test_explicit_environment PASSED                  [ 48%]
tests/test_profiles.py::test_no_framework_directives_or_reserved_catalog_names PASSED [ 49%]
tests/test_profiles.py::test_catalog_json_and_unknown_versions_reject PASSED [ 49%]
tests/test_pytest_harness.py::test_missing_prerequisite_fails_setup[source-Required Lean compiler is missing] PASSED [ 50%]
tests/test_pytest_harness.py::test_missing_prerequisite_fails_setup[installed-Required runtime file is missing] PASSED [ 50%]
tests/test_pytest_harness.py::test_installed_missing_compiler_cannot_fall_back_to_host PASSED [ 50%]
tests/test_pytest_harness.py::test_archive_installs_only_for_executed_cases PASSED [ 51%]
tests/test_pytest_harness.py::test_archive_rejects_ambiguous_runtime[source-variant] PASSED [ 51%]
tests/test_pytest_harness.py::test_archive_rejects_ambiguous_runtime[conflicting-root] PASSED [ 51%]
tests/test_pytest_harness.py::test_example_copies_are_writable_and_independent PASSED [ 52%]
tests/test_pytest_harness.py::test_command_json_diagnostics_retain_both_streams PASSED [ 52%]
tests/test_pytest_harness.py::test_timeout_kills_process_group_and_retains_output PASSED [ 52%]
tests/test_resources.py::test_package_preflight_precedes_external_work PASSED [ 53%]
tests/test_resources.py::test_separate_temporary_filesystem PASSED       [ 53%]
tests/test_resources.py::test_environment_and_capacity_boundaries PASSED [ 53%]
tests/test_runtime_package.py::test_install_does_not_delete_concurrent_destination PASSED [ 54%]
tests/test_runtime_staging.py::test_archive_exports_content_addressed_closure[Darwin-arm64-aarch64-darwin] PASSED [ 54%]
tests/test_runtime_staging.py::test_archive_exports_content_addressed_closure[Linux-x86_64-x86_64-linux] PASSED [ 54%]
tests/test_runtime_staging.py::test_explicit_runtime_never_falls_back_to_ambient_lean PASSED [ 55%]
tests/test_runtime_staging.py::test_archive_output_preflight_precedes_tool_reads[output-0-10 GiB] PASSED [ 55%]
tests/test_runtime_staging.py::test_archive_output_preflight_precedes_tool_reads[/nix/store/forbidden-archive-21474836480-immutable Nix store] PASSED [ 55%]
tests/test_schema_baseline.py::test_optional_schema_pin PASSED           [ 56%]
tests/test_schema_translation.py::test_metadata_and_indexes_survive_nullable_add PASSED [ 56%]
tests/test_schema_translation.py::test_create_cannot_collide_with_preserved_index PASSED [ 56%]
tests/test_schema_translation.py::test_unsupported_metadata_cannot_disappear[CREATE TABLE t(x INTEGER PRIMARY KEY);] PASSED [ 57%]
tests/test_schema_translation.py::test_unsupported_metadata_cannot_disappear[CREATE TABLE t(x TEXT PRIMARY KEY DESC);] PASSED [ 57%]
tests/test_schema_translation.py::test_unsupported_metadata_cannot_disappear[CREATE TABLE t(x TEXT PRIMARY KEY ON CONFLICT REPLACE);] PASSED [ 58%]
tests/test_schema_translation.py::test_unsupported_metadata_cannot_disappear[CREATE TABLE t(x BIGINT PRIMARY KEY AUTOINCREMENT);] PASSED [ 58%]
tests/test_schema_translation.py::test_unsupported_metadata_cannot_disappear[CREATE TABLE t(x TEXT NOT NULL ON CONFLICT IGNORE);] PASSED [ 58%]
tests/test_schema_translation.py::test_unsupported_metadata_cannot_disappear[CREATE TABLE t(x TEXT DEFAULT CURRENT_DATE);] PASSED [ 59%]
tests/test_schema_translation.py::test_unsupported_metadata_cannot_disappear[CREATE TABLE t(x TEXT DEFAULT CURRENT_TIME);] PASSED [ 59%]
tests/test_schema_translation.py::test_unsupported_metadata_cannot_disappear[CREATE TABLE t(x TEXT DEFAULT (CURRENT_TIMESTAMP));] PASSED [ 59%]
tests/test_schema_translation.py::test_unsupported_metadata_cannot_disappear[CREATE TABLE t(x TEXT DEFAULT NULL);] PASSED [ 60%]
tests/test_schema_translation.py::test_unsupported_metadata_cannot_disappear[CREATE TABLE t(x TEXT DEFAULT 0);] PASSED [ 60%]
tests/test_schema_translation.py::test_unsupported_metadata_cannot_disappear[CREATE TABLE t(x TEXT CHECK(x));] PASSED [ 60%]
tests/test_schema_translation.py::test_unsupported_metadata_cannot_disappear[CREATE TABLE t(x TEXT REFERENCES u);] PASSED [ 61%]
tests/test_schema_translation.py::test_unsupported_metadata_cannot_disappear[CREATE TABLE t(x TEXT COLLATE NOCASE);] PASSED [ 61%]
tests/test_schema_translation.py::test_unsupported_metadata_cannot_disappear[CREATE TABLE t(x TEXT, CONSTRAINT named UNIQUE(x));] PASSED [ 61%]
tests/test_schema_translation.py::test_unsupported_metadata_cannot_disappear[CREATE TABLE t(x TEXT, PRIMARY KEY(x));] PASSED [ 62%]
tests/test_schema_translation.py::test_unsupported_metadata_cannot_disappear[CREATE TABLE t(x TEXT, UNIQUE(x DESC));] PASSED [ 62%]
tests/test_schema_translation.py::test_unsupported_metadata_cannot_disappear[CREATE TABLE t(x TEXT, UNIQUE(x) ON CONFLICT IGNORE);] PASSED [ 62%]
tests/test_schema_translation.py::test_unsupported_metadata_cannot_disappear[CREATE TABLE t(x TEXT) WITHOUT ROWID;] PASSED [ 63%]
tests/test_schema_translation.py::test_unsupported_metadata_cannot_disappear[CREATE TABLE t(x TEXT) STRICT;] PASSED [ 63%]
tests/test_schema_translation.py::test_unsupported_metadata_cannot_disappear[CREATE TABLE t(x TEXT); CREATE INDEX i ON t(lower(x));] PASSED [ 63%]
tests/test_schema_translation.py::test_unsupported_metadata_cannot_disappear[CREATE TABLE t(x TEXT); CREATE INDEX i ON t(x) WHERE x IS NOT NULL;] PASSED [ 64%]
tests/test_schema_translation.py::test_unsupported_metadata_cannot_disappear[CREATE TABLE t(x TEXT); CREATE INDEX i ON t(x COLLATE NOCASE);] PASSED [ 64%]
tests/test_schema_translation.py::test_unsupported_metadata_cannot_disappear[CREATE TABLE t(x TEXT); CREATE INDEX i ON t(x DESC);] PASSED [ 65%]
tests/test_schema_translation.py::test_unsupported_metadata_cannot_disappear[CREATE TABLE t(x TEXT); CREATE TRIGGER tr AFTER INSERT ON t BEGIN SELECT 1; END;] PASSED [ 65%]
tests/test_schema_translation.py::test_statistics_are_exact_engine_managed_baseline_objects PASSED [ 65%]
tests/test_schema_translation.py::test_global_namespace_references_and_aliases PASSED [ 66%]
tests/test_sql_writes.py::test_both_grammars_preserve_all_explicit_operations PASSED [ 66%]
tests/test_sql_writes.py::test_transaction_schema_effects_are_explicit PASSED [ 66%]
tests/test_sql_writes.py::test_literal_storage_values[NULL-None] PASSED  [ 67%]
tests/test_sql_writes.py::test_literal_storage_values[-9223372036854775808--9223372036854775808] PASSED [ 67%]
tests/test_sql_writes.py::test_literal_storage_values[+9223372036854775807-9223372036854775807] PASSED [ 67%]
tests/test_sql_writes.py::test_literal_storage_values[00007-7] PASSED    [ 68%]
tests/test_sql_writes.py::test_literal_storage_values[X''-] PASSED       [ 68%]
tests/test_sql_writes.py::test_literal_storage_values['a''b\\\u03bb'-a'b\\\u03bb] PASSED [ 68%]
tests/test_sql_writes.py::test_unsupported_literal_expressions_reject[1.0] PASSED [ 69%]
tests/test_sql_writes.py::test_unsupported_literal_expressions_reject[9223372036854775808] PASSED [ 69%]
tests/test_sql_writes.py::test_unsupported_literal_expressions_reject[-9223372036854775809] PASSED [ 69%]
tests/test_sql_writes.py::test_unsupported_literal_expressions_reject[1+2] PASSED [ 70%]
tests/test_sql_writes.py::test_unsupported_literal_expressions_reject[?] PASSED [ 70%]
tests/test_sql_writes.py::test_unsupported_literal_expressions_reject[CURRENT_TIMESTAMP] PASSED [ 70%]
tests/test_sql_writes.py::test_unsupported_literal_expressions_reject[TRUE] PASSED [ 71%]
tests/test_sql_writes.py::test_unsupported_literal_expressions_reject[0x10] PASSED [ 71%]
tests/test_sql_writes.py::test_unsupported_literal_expressions_reject[CAST('7' AS INTEGER)] PASSED [ 72%]
tests/test_sql_writes.py::test_unmodeled_key_comparisons_reject[CREATE TABLE t(k TEXT PRIMARY KEY,x TEXT);-INSERT INTO t(k,x) VALUES('key','x');] PASSED [ 72%]
tests/test_sql_writes.py::test_unmodeled_key_comparisons_reject[CREATE TABLE t(k BIGINT,x NUMERIC,UNIQUE(k,x));-UPDATE t SET x=2 WHERE k=1;] PASSED [ 72%]
tests/test_sql_writes.py::test_unmodeled_key_comparisons_reject[CREATE TABLE t(k BIGINT PRIMARY KEY,x TEXT);-INSERT INTO t(k,x) VALUES(X'01','x');] PASSED [ 73%]
tests/test_sql_writes.py::test_unmodeled_key_comparisons_reject[CREATE TABLE t(k BIGINT PRIMARY KEY,x TEXT);-UPDATE t SET k=X'01' WHERE k=1;] PASSED [ 73%]
tests/test_sql_writes.py::test_unmodeled_key_comparisons_reject[CREATE TABLE t(k INTEGER,x TEXT);-UPDATE t SET x='x' WHERE k=1;] PASSED [ 73%]
tests/test_sql_writes.py::test_unique_index_key_update_is_admitted PASSED [ 74%]
tests/test_sql_writes.py::test_optional_syntax_rejects[BEGIN IMMEDIATE;] PASSED [ 74%]
tests/test_sql_writes.py::test_optional_syntax_rejects[SAVEPOINT a;] PASSED [ 74%]
tests/test_sql_writes.py::test_optional_syntax_rejects[ROLLBACK TO a;] PASSED [ 75%]
tests/test_sql_writes.py::test_optional_syntax_rejects[INSERT OR REPLACE INTO t(x) VALUES(1);] PASSED [ 75%]
tests/test_sql_writes.py::test_optional_syntax_rejects[INSERT INTO t DEFAULT VALUES;] PASSED [ 75%]
tests/test_sql_writes.py::test_optional_syntax_rejects[INSERT INTO t(x) VALUES(1),(2);] PASSED [ 76%]
tests/test_sql_writes.py::test_optional_syntax_rejects[INSERT INTO t(x) SELECT 1;] PASSED [ 76%]
tests/test_sql_writes.py::test_optional_syntax_rejects[INSERT INTO t(x) VALUES(1) RETURNING x;] PASSED [ 76%]
tests/test_sql_writes.py::test_optional_syntax_rejects[UPDATE t SET x=1;] PASSED [ 77%]
tests/test_sql_writes.py::test_optional_syntax_rejects[UPDATE t SET x=1,y=2 WHERE id=1;] PASSED [ 77%]
tests/test_sql_writes.py::test_optional_syntax_rejects[UPDATE t SET x=1 WHERE id=1 OR id=2;] PASSED [ 77%]
tests/test_sql_writes.py::test_optional_syntax_rejects[UPDATE t SET x=1 WHERE id IS NULL;] PASSED [ 78%]
tests/test_sql_writes.py::test_coercing_writes_are_unsupported[INSERT INTO t(id,x,y,z) VALUES(1,2,3,NULL);] PASSED [ 78%]
tests/test_sql_writes.py::test_coercing_writes_are_unsupported[INSERT INTO t(id,x,y,z) VALUES(1,'ok','123',NULL);] PASSED [ 79%]
tests/test_sql_writes.py::test_coercing_writes_are_unsupported[INSERT INTO t(id,x,y,z) VALUES(1,'ok',3,1);] PASSED [ 79%]
tests/test_sql_writes.py::test_coercing_writes_are_unsupported[INSERT INTO t(id,x) VALUES(1,'ok');] PASSED [ 79%]
tests/test_sql_writes.py::test_coercing_writes_are_unsupported[INSERT INTO t(x,id,y,z) VALUES('ok',1,3,NULL);] PASSED [ 80%]
tests/test_sql_writes.py::test_coercing_writes_are_unsupported[UPDATE t SET x=1 WHERE id=1;] PASSED [ 80%]
tests/test_sql_writes.py::test_coercing_writes_are_unsupported[UPDATE t SET missing=NULL WHERE id=1;] PASSED [ 80%]
tests/test_stage_store.py::test_round_trip_restores_identical_read_only_files PASSED [ 81%]
tests/test_stage_store.py::test_damaged_or_missing_entries_are_misses[missing] PASSED [ 81%]
tests/test_stage_store.py::test_damaged_or_missing_entries_are_misses[changed_file] PASSED [ 81%]
tests/test_stage_store.py::test_damaged_or_missing_entries_are_misses[removed_file] PASSED [ 82%]
tests/test_stage_store.py::test_damaged_or_missing_entries_are_misses[bad_manifest] PASSED [ 82%]
tests/test_stage_store.py::test_keys_change_with_sources_order_and_runtime PASSED [ 82%]
tests/test_stage_store.py::test_configuration_and_approved_eligibility PASSED [ 83%]
tests/test_stage_store.py::test_malformed_manifests_are_misses[empty] PASSED [ 83%]
tests/test_stage_store.py::test_malformed_manifests_are_misses[null] PASSED [ 83%]
tests/test_stage_store.py::test_malformed_manifests_are_misses[list] PASSED [ 84%]
tests/test_stage_store.py::test_malformed_manifests_are_misses[traversal] PASSED [ 84%]
tests/test_stage_store.py::test_malformed_manifests_are_misses[bad_digest] PASSED [ 84%]
tests/test_stage_store.py::test_missing_required_artifact_is_a_miss PASSED [ 85%]
tests/test_stage_store.py::test_unwritable_store_does_not_raise PASSED   [ 85%]
tests/test_stage_store.py::test_runtime_identity_follows_symlinks PASSED [ 86%]
tests/test_test_ownership.py::test_host_collection_retains_source_owned_conformance_checks PASSED [ 86%]
tests/test_test_ownership.py::test_recipe_expansion_retains_full_model_in_release_checks PASSED [ 86%]
tests/test_toolchain_smoke.py::test_lean_version PASSED                  [ 87%]
tests/test_toolchain_smoke.py::test_lake_version PASSED                  [ 87%]
tests/test_toolchain_smoke.py::test_sqlite_351_identity PASSED           [ 87%]
tests/test_toolchain_smoke.py::test_sqlite_346_identity PASSED           [ 88%]
tests/test_translation.py::test_supported_scripts_and_prefix_failures PASSED [ 88%]
tests/test_translation.py::test_unsupported_statement[CREATE TABLE t(x INTEGER PRIMARY KEY);] PASSED [ 88%]
tests/test_translation.py::test_unsupported_statement[CREATE TABLE t(x);] PASSED [ 89%]
tests/test_translation.py::test_unsupported_statement[CREATE TABLE t(x VARCHAR(20));] PASSED [ 89%]
tests/test_translation.py::test_unsupported_statement[CREATE TABLE t(x "TEXT");] PASSED [ 89%]
tests/test_translation.py::test_unsupported_statement[CREATE TABLE t(x TEXT NOT NULL);] PASSED [ 90%]
tests/test_translation.py::test_unsupported_statement[CREATE TABLE t(x TEXT DEFAULT NULL);] PASSED [ 90%]
tests/test_translation.py::test_unsupported_statement[CREATE TABLE t(x TEXT COLLATE NOCASE);] PASSED [ 90%]
tests/test_translation.py::test_unsupported_statement[CREATE TABLE t(x TEXT UNIQUE);] PASSED [ 91%]
tests/test_translation.py::test_unsupported_statement[CREATE TABLE t(x TEXT REFERENCES u);] PASSED [ 91%]
tests/test_translation.py::test_unsupported_statement[CREATE TABLE t(x TEXT CHECK(x));] PASSED [ 91%]
tests/test_translation.py::test_unsupported_statement[CREATE TABLE t(x TEXT, UNIQUE(x));] PASSED [ 92%]
tests/test_translation.py::test_unsupported_statement[CREATE TABLE t(x TEXT) STRICT;] PASSED [ 92%]
tests/test_translation.py::test_unsupported_statement[CREATE TEMP TABLE t(x TEXT);] PASSED [ 93%]
tests/test_translation.py::test_unsupported_statement[CREATE TABLE main.t(x TEXT);] PASSED [ 93%]
tests/test_translation.py::test_unsupported_statement[CREATE TABLE IF NOT EXISTS t(x TEXT);] PASSED [ 93%]
tests/test_translation.py::test_unsupported_statement[CREATE TABLE t AS SELECT 1;] PASSED [ 94%]
tests/test_translation.py::test_unsupported_statement[CREATE TABLE t(rowid TEXT);] PASSED [ 94%]
tests/test_translation.py::test_unsupported_statement[CREATE TABLE sqlite_private(x TEXT);] PASSED [ 94%]
tests/test_translation.py::test_unsupported_statement[CREATE TABLE t(x TEXT, X TEXT);] PASSED [ 95%]
tests/test_translation.py::test_unsupported_statement[ALTER TABLE main.t ADD x TEXT;] PASSED [ 95%]
tests/test_translation.py::test_unsupported_statement[ALTER TABLE t RENAME TO u;] PASSED [ 95%]
tests/test_translation.py::test_unsupported_statement[ALTER TABLE t ADD x TEXT GENERATED AS (1);] PASSED [ 96%]
tests/test_translation.py::test_unsupported_statement[CREATE TABLE t(x TEXT); CREATE VIEW v AS SELECT * FROM t;] PASSED [ 96%]
tests/test_translation.py::test_unsupported_statement[CREATE TABLE t(x TEXT); CREATE INDEX i ON t(x);] PASSED [ 96%]
tests/test_translation.py::test_unsupported_statement[CREATE TABLE t(x TEXT); CREATE TRIGGER tr AFTER INSERT ON t BEGIN SELECT 1; END;] PASSED [ 97%]
tests/test_translation.py::test_unsupported_statement[PRAGMA foreign_keys=ON;] PASSED [ 97%]
tests/test_translation.py::test_unsupported_statement[BEGIN IMMEDIATE; CREATE TABLE t(x TEXT); COMMIT;] PASSED [ 97%]
tests/test_translation.py::test_unsupported_statement[EXPLAIN CREATE TABLE t(x TEXT);] PASSED [ 98%]
tests/test_translation.py::test_unsupported_statement[SELECT 1;] PASSED  [ 98%]
tests/test_translation.py::test_duplicate_and_empty_schema PASSED        [ 98%]
tests/test_translation.py::test_wrong_parser_profile_is_rejected PASSED  [ 99%]
tests/test_translation.py::test_parser_failure_classes[syntax] PASSED    [ 99%]
tests/test_translation.py::test_parser_failure_classes[resource_limit] PASSED [100%]

- generated xml file: /Users/tzankomatev/work/sqlite-verifier-adr5/build/test-results/source-final-v5-retry.xml -
=========== 286 passed, 68 deselected, 28 subtests passed in 37.92s ============
